Archive member included to satisfy reference by file (symbol)

d:/programes/stm32/stm32cubeide_1.10.1/stm32cubeide/plugins/com.st.stm32cube.ide.mcu.externaltools.gnu-tools-for-stm32.10.3-2021.10.win32_1.0.0.202111181127/tools/bin/../lib/gcc/arm-none-eabi/10.3.1/../../../../arm-none-eabi/lib/thumb/v7e-m+fp/hard\libc_nano.a(lib_a-errno.o)
                              ./Core/Src/syscalls.o (__errno)
d:/programes/stm32/stm32cubeide_1.10.1/stm32cubeide/plugins/com.st.stm32cube.ide.mcu.externaltools.gnu-tools-for-stm32.10.3-2021.10.win32_1.0.0.202111181127/tools/bin/../lib/gcc/arm-none-eabi/10.3.1/../../../../arm-none-eabi/lib/thumb/v7e-m+fp/hard\libc_nano.a(lib_a-exit.o)
                              d:/programes/stm32/stm32cubeide_1.10.1/stm32cubeide/plugins/com.st.stm32cube.ide.mcu.externaltools.gnu-tools-for-stm32.10.3-2021.10.win32_1.0.0.202111181127/tools/bin/../lib/gcc/arm-none-eabi/10.3.1/../../../../arm-none-eabi/lib/thumb/v7e-m+fp/hard/crt0.o (exit)
d:/programes/stm32/stm32cubeide_1.10.1/stm32cubeide/plugins/com.st.stm32cube.ide.mcu.externaltools.gnu-tools-for-stm32.10.3-2021.10.win32_1.0.0.202111181127/tools/bin/../lib/gcc/arm-none-eabi/10.3.1/../../../../arm-none-eabi/lib/thumb/v7e-m+fp/hard\libc_nano.a(lib_a-impure.o)
                              d:/programes/stm32/stm32cubeide_1.10.1/stm32cubeide/plugins/com.st.stm32cube.ide.mcu.externaltools.gnu-tools-for-stm32.10.3-2021.10.win32_1.0.0.202111181127/tools/bin/../lib/gcc/arm-none-eabi/10.3.1/../../../../arm-none-eabi/lib/thumb/v7e-m+fp/hard\libc_nano.a(lib_a-exit.o) (_global_impure_ptr)
d:/programes/stm32/stm32cubeide_1.10.1/stm32cubeide/plugins/com.st.stm32cube.ide.mcu.externaltools.gnu-tools-for-stm32.10.3-2021.10.win32_1.0.0.202111181127/tools/bin/../lib/gcc/arm-none-eabi/10.3.1/../../../../arm-none-eabi/lib/thumb/v7e-m+fp/hard\libc_nano.a(lib_a-init.o)
                              d:/programes/stm32/stm32cubeide_1.10.1/stm32cubeide/plugins/com.st.stm32cube.ide.mcu.externaltools.gnu-tools-for-stm32.10.3-2021.10.win32_1.0.0.202111181127/tools/bin/../lib/gcc/arm-none-eabi/10.3.1/../../../../arm-none-eabi/lib/thumb/v7e-m+fp/hard/crt0.o (__libc_init_array)
d:/programes/stm32/stm32cubeide_1.10.1/stm32cubeide/plugins/com.st.stm32cube.ide.mcu.externaltools.gnu-tools-for-stm32.10.3-2021.10.win32_1.0.0.202111181127/tools/bin/../lib/gcc/arm-none-eabi/10.3.1/../../../../arm-none-eabi/lib/thumb/v7e-m+fp/hard\libc_nano.a(lib_a-memset.o)
                              d:/programes/stm32/stm32cubeide_1.10.1/stm32cubeide/plugins/com.st.stm32cube.ide.mcu.externaltools.gnu-tools-for-stm32.10.3-2021.10.win32_1.0.0.202111181127/tools/bin/../lib/gcc/arm-none-eabi/10.3.1/../../../../arm-none-eabi/lib/thumb/v7e-m+fp/hard/crt0.o (memset)
d:/programes/stm32/stm32cubeide_1.10.1/stm32cubeide/plugins/com.st.stm32cube.ide.mcu.externaltools.gnu-tools-for-stm32.10.3-2021.10.win32_1.0.0.202111181127/tools/bin/../lib/gcc/arm-none-eabi/10.3.1/../../../../arm-none-eabi/lib/thumb/v7e-m+fp/hard\libc_nano.a(lib_a-nano-vfprintf_float.o)
                              (_printf_float)
d:/programes/stm32/stm32cubeide_1.10.1/stm32cubeide/plugins/com.st.stm32cube.ide.mcu.externaltools.gnu-tools-for-stm32.10.3-2021.10.win32_1.0.0.202111181127/tools/bin/../lib/gcc/arm-none-eabi/10.3.1/../../../../arm-none-eabi/lib/thumb/v7e-m+fp/hard\libc_nano.a(lib_a-nano-vfprintf_i.o)
                              d:/programes/stm32/stm32cubeide_1.10.1/stm32cubeide/plugins/com.st.stm32cube.ide.mcu.externaltools.gnu-tools-for-stm32.10.3-2021.10.win32_1.0.0.202111181127/tools/bin/../lib/gcc/arm-none-eabi/10.3.1/../../../../arm-none-eabi/lib/thumb/v7e-m+fp/hard\libc_nano.a(lib_a-nano-vfprintf_float.o) (_printf_common)
d:/programes/stm32/stm32cubeide_1.10.1/stm32cubeide/plugins/com.st.stm32cube.ide.mcu.externaltools.gnu-tools-for-stm32.10.3-2021.10.win32_1.0.0.202111181127/tools/bin/../lib/gcc/arm-none-eabi/10.3.1/../../../../arm-none-eabi/lib/thumb/v7e-m+fp/hard\libc_nano.a(lib_a-nano-vfscanf_float.o)
                              (_scanf_float)
d:/programes/stm32/stm32cubeide_1.10.1/stm32cubeide/plugins/com.st.stm32cube.ide.mcu.externaltools.gnu-tools-for-stm32.10.3-2021.10.win32_1.0.0.202111181127/tools/bin/../lib/gcc/arm-none-eabi/10.3.1/../../../../arm-none-eabi/lib/thumb/v7e-m+fp/hard\libc_nano.a(lib_a-sf_nan.o)
                              d:/programes/stm32/stm32cubeide_1.10.1/stm32cubeide/plugins/com.st.stm32cube.ide.mcu.externaltools.gnu-tools-for-stm32.10.3-2021.10.win32_1.0.0.202111181127/tools/bin/../lib/gcc/arm-none-eabi/10.3.1/../../../../arm-none-eabi/lib/thumb/v7e-m+fp/hard\libc_nano.a(lib_a-nano-vfscanf_float.o) (nanf)
d:/programes/stm32/stm32cubeide_1.10.1/stm32cubeide/plugins/com.st.stm32cube.ide.mcu.externaltools.gnu-tools-for-stm32.10.3-2021.10.win32_1.0.0.202111181127/tools/bin/../lib/gcc/arm-none-eabi/10.3.1/../../../../arm-none-eabi/lib/thumb/v7e-m+fp/hard\libc_nano.a(lib_a-sprintf.o)
                              ./Core/Src/main.o (sprintf)
[...]
Memory Configuration

Name             Origin             Length             Attributes
CCMRAM           0x0000000010000000 0x0000000000010000 xrw
RAM              0x0000000020000000 0x0000000000030000 xrw
FLASH            0x0000000008000000 0x0000000000200000 xr
*default*        0x0000000000000000 0xffffffffffffffff

Linker script and memory map

LOAD d:/programes/stm32/stm32cubeide_1.10.1/stm32cubeide/plugins/com.st.stm32cube.ide.mcu.externaltools.gnu-tools-for-stm32.10.3-2021.10.win32_1.0.0.202111181127/tools/bin/../lib/gcc/arm-none-eabi/10.3.1/thumb/v7e-m+fp/hard/crti.o
LOAD d:/programes/stm32/stm32cubeide_1.10.1/stm32cubeide/plugins/com.st.stm32cube.ide.mcu.externaltools.gnu-tools-for-stm32.10.3-2021.10.win32_1.0.0.202111181127/tools/bin/../lib/gcc/arm-none-eabi/10.3.1/thumb/v7e-m+fp/hard/crtbegin.o
LOAD d:/programes/stm32/stm32cubeide_1.10.1/stm32cubeide/plugins/com.st.stm32cube.ide.mcu.externaltools.gnu-tools-for-stm32.10.3-2021.10.win32_1.0.0.202111181127/tools/bin/../lib/gcc/arm-none-eabi/10.3.1/../../../../arm-none-eabi/lib/thumb/v7e-m+fp/hard/crt0.o
LOAD ./Core/Src/lcd.o
LOAD ./Core/Src/main.o
LOAD ./Core/Src/stm32f4xx_hal_msp.o
LOAD ./Core/Src/stm32f4xx_it.o
LOAD ./Core/Src/syscalls.o
LOAD ./Core/Src/sysmem.o
LOAD ./Core/Src/system_stm32f4xx.o
LOAD ./Core/Startup/startup_stm32f429zitx.o
LOAD ./Drivers/STM32F4xx_HAL_Driver/Src/stm32f4xx_hal.o
LOAD ./Drivers/STM32F4xx_HAL_Driver/Src/stm32f4xx_hal_adc.o
LOAD ./Drivers/STM32F4xx_HAL_Driver/Src/stm32f4xx_hal_adc_ex.o
LOAD ./Drivers/STM32F4xx_HAL_Driver/Src/stm32f4xx_hal_cortex.o
LOAD ./Drivers/STM32F4xx_HAL_Driver/Src/stm32f4xx_hal_dac.o
LOAD ./Drivers/STM32F4xx_HAL_Driver/Src/stm32f4xx_hal_dac_ex.o
LOAD ./Drivers/STM32F4xx_HAL_Driver/Src/stm32f4xx_hal_dma.o
LOAD ./Drivers/STM32F4xx_HAL_Driver/Src/stm32f4xx_hal_dma_ex.o
LOAD ./Drivers/STM32F4xx_HAL_Driver/Src/stm32f4xx_hal_eth.o
LOAD ./Drivers/STM32F4xx_HAL_Driver/Src/stm32f4xx_hal_exti.o
LOAD ./Drivers/STM32F4xx_HAL_Driver/Src/stm32f4xx_hal_flash.o
LOAD ./Drivers/STM32F4xx_HAL_Driver/Src/stm32f4xx_hal_flash_ex.o
LOAD ./Drivers/STM32F4xx_HAL_Driver/Src/stm32f4xx_hal_flash_ramfunc.o
LOAD ./Drivers/STM32F4xx_HAL_Driver/Src/stm32f4xx_hal_gpio.o
LOAD ./Drivers/STM32F4xx_HAL_Driver/Src/stm32f4xx_hal_i2c.o
LOAD ./Drivers/STM32F4xx_HAL_Driver/Src/stm32f4xx_hal_i2c_ex.o
LOAD ./Drivers/STM32F4xx_HAL_Driver/Src/stm32f4xx_hal_pcd.o
LOAD ./Drivers/STM32F4xx_HAL_Driver/Src/stm32f4xx_hal_pcd_ex.o
LOAD ./Drivers/STM32F4xx_HAL_Driver/Src/stm32f4xx_hal_pwr.o
LOAD ./Drivers/STM32F4xx_HAL_Driver/Src/stm32f4xx_hal_pwr_ex.o
LOAD ./Drivers/STM32F4xx_HAL_Driver/Src/stm32f4xx_hal_rcc.o
LOAD ./Drivers/STM32F4xx_HAL_Driver/Src/stm32f4xx_hal_rcc_ex.o
LOAD ./Drivers/STM32F4xx_HAL_Driver/Src/stm32f4xx_hal_tim.o
LOAD ./Drivers/STM32F4xx_HAL_Driver/Src/stm32f4xx_hal_tim_ex.o
LOAD ./Drivers/STM32F4xx_HAL_Driver/Src/stm32f4xx_hal_uart.o
LOAD ./Drivers/STM32F4xx_HAL_Driver/Src/stm32f4xx_ll_adc.o
LOAD ./Drivers/STM32F4xx_HAL_Driver/Src/stm32f4xx_ll_usb.o
START GROUP
LOAD d:/programes/stm32/stm32cubeide_1.10.1/stm32cubeide/plugins/com.st.stm32cube.ide.mcu.externaltools.gnu-tools-for-stm32.10.3-2021.10.win32_1.0.0.202111181127/tools/bin/../lib/gcc/arm-none-eabi/10.3.1/../../../../arm-none-eabi/lib/thumb/v7e-m+fp/hard\libc_nano.a
LOAD d:/programes/stm32/stm32cubeide_1.10.1/stm32cubeide/plugins/com.st.stm32cube.ide.mcu.externaltools.gnu-tools-for-stm32.10.3-2021.10.win32_1.0.0.202111181127/tools/bin/../lib/gcc/arm-none-eabi/10.3.1/../../../../arm-none-eabi/lib/thumb/v7e-m+fp/hard\libm.a
END GROUP
START GROUP
LOAD d:/programes/stm32/stm32cubeide_1.10.1/stm32cubeide/plugins/com.st.stm32cube.ide.mcu.externaltools.gnu-tools-for-stm32.10.3-2021.10.win32_1.0.0.202111181127/tools/bin/../lib/gcc/arm-none-eabi/10.3.1/thumb/v7e-m+fp/hard\libgcc.a
LOAD d:/programes/stm32/stm32cubeide_1.10.1/stm32cubeide/plugins/com.st.stm32cube.ide.mcu.externaltools.gnu-tools-for-stm32.10.3-2021.10.win32_1.0.0.202111181127/tools/bin/../lib/gcc/arm-none-eabi/10.3.1/../../../../arm-none-eabi/lib/thumb/v7e-m+fp/hard\libc_nano.a
END GROUP
START GROUP
LOAD d:/programes/stm32/stm32cubeide_1.10.1/stm32cubeide/plugins/com.st.stm32cube.ide.mcu.externaltools.gnu-tools-for-stm32.10.3-2021.10.win32_1.0.0.202111181127/tools/bin/../lib/gcc/arm-none-eabi/10.3.1/thumb/v7e-m+fp/hard\libgcc.a
LOAD d:/programes/stm32/stm32cubeide_1.10.1/stm32cubeide/plugins/com.st.stm32cube.ide.mcu.externaltools.gnu-tools-for-stm32.10.3-2021.10.win32_1.0.0.202111181127/tools/bin/../lib/gcc/arm-none-eabi/10.3.1/../../../../arm-none-eabi/lib/thumb/v7e-m+fp/hard\libc_nano.a
LOAD d:/programes/stm32/stm32cubeide_1.10.1/stm32cubeide/plugins/com.st.stm32cube.ide.mcu.externaltools.gnu-tools-for-stm32.10.3-2021.10.win32_1.0.0.202111181127/tools/bin/../lib/gcc/arm-none-eabi/10.3.1/../../../../arm-none-eabi/lib/thumb/v7e-m+fp/hard\libnosys.a
END GROUP
START GROUP
LOAD d:/programes/stm32/stm32cubeide_1.10.1/stm32cubeide/plugins/com.st.stm32cube.ide.mcu.externaltools.gnu-tools-for-stm32.10.3-2021.10.win32_1.0.0.202111181127/tools/bin/../lib/gcc/arm-none-eabi/10.3.1/thumb/v7e-m+fp/hard\libgcc.a
LOAD d:/programes/stm32/stm32cubeide_1.10.1/stm32cubeide/plugins/com.st.stm32cube.ide.mcu.externaltools.gnu-tools-for-stm32.10.3-2021.10.win32_1.0.0.202111181127/tools/bin/../lib/gcc/arm-none-eabi/10.3.1/../../../../arm-none-eabi/lib/thumb/v7e-m+fp/hard\libc_nano.a
LOAD d:/programes/stm32/stm32cubeide_1.10.1/stm32cubeide/plugins/com.st.stm32cube.ide.mcu.externaltools.gnu-tools-for-stm32.10.3-2021.10.win32_1.0.0.202111181127/tools/bin/../lib/gcc/arm-none-eabi/10.3.1/../../../../arm-none-eabi/lib/thumb/v7e-m+fp/hard\libnosys.a
END GROUP
LOAD d:/programes/stm32/stm32cubeide_1.10.1/stm32cubeide/plugins/com.st.stm32cube.ide.mcu.externaltools.gnu-tools-for-stm32.10.3-2021.10.win32_1.0.0.202111181127/tools/bin/../lib/gcc/arm-none-eabi/10.3.1/thumb/v7e-m+fp/hard/crtend.o
LOAD d:/programes/stm32/stm32cubeide_1.10.1/stm32cubeide/plugins/com.st.stm32cube.ide.mcu.externaltools.gnu-tools-for-stm32.10.3-2021.10.win32_1.0.0.202111181127/tools/bin/../lib/gcc/arm-none-eabi/10.3.1/thumb/v7e-m+fp/hard/crtn.o
                0x0000000020030000                _estack = (ORIGIN (RAM) + LENGTH (RAM))
                0x0000000000000200                _Min_Heap_Size = 0x200
                0x0000000000000400                _Min_Stack_Size = 0x400

.isr_vector     0x0000000008000000      0x1ac
                0x0000000008000000                . = ALIGN (0x4)
 *(.isr_vector)
 .isr_vector    0x0000000008000000      0x1ac ./Core/Startup/startup_stm32f429zitx.o
                0x0000000008000000                g_pfnVectors
                0x00000000080001ac                . = ALIGN (0x4)

.text           0x00000000080001b0     0xac20
                0x00000000080001b0                . = ALIGN (0x4)
 *(.text)
 .text          0x00000000080001b0       0x40 d:/programes/stm32/stm32cubeide_1.10.1/stm32cubeide/plugins/com.st.stm32cube.ide.mcu.externaltools.gnu-tools-for-stm32.10.3-2021.10.win32_1.0.0.202111181127/tools/bin/../lib/gcc/arm-none-eabi/10.3.1/thumb/v7e-m+fp/hard/crtbegin.o
 .text          0x00000000080001f0       0x10 d:/programes/stm32/stm32cubeide_1.10.1/stm32cubeide/plugins/com.st.stm32cube.ide.mcu.externaltools.gnu-tools-for-stm32.10.3-2021.10.win32_1.0.0.202111181127/tools/bin/../lib/gcc/arm-none-eabi/10.3.1/../../../../arm-none-eabi/lib/thumb/v7e-m+fp/hard\libc_nano.a(lib_a-strlen.o)
                0x00000000080001f0                strlen
 .text          0x0000000008000200       0xa0 d:/programes/stm32/stm32cubeide_1.10.1/stm32cubeide/plugins/com.st.stm32cube.ide.mcu.externaltools.gnu-tools-for-stm32.10.3-2021.10.win32_1.0.0.202111181127/tools/bin/../lib/gcc/arm-none-eabi/10.3.1/../../../../arm-none-eabi/lib/thumb/v7e-m+fp/hard\libc_nano.a(lib_a-memchr.o)
                0x0000000008000200                memchr
 .text          0x00000000080002a0      0x378 d:/programes/stm32/stm32cubeide_1.10.1/stm32cubeide/plugins/com.st.stm32cube.ide.mcu.externaltools.gnu-tools-for-stm32.10.3-2021.10.win32_1.0.0.202111181127/tools/bin/../lib/gcc/arm-none-eabi/10.3.1/thumb/v7e-m+fp/hard\libgcc.a(_arm_addsubdf3.o)
                0x00000000080002a0                __aeabi_drsub
                0x00000000080002a8                __aeabi_dsub
                0x00000000080002a8                __subdf3
                0x00000000080002ac                __aeabi_dadd
                0x00000000080002ac                __adddf3
                0x0000000008000524                __floatunsidf
                0x0000000008000524                __aeabi_ui2d
                0x0000000008000544                __floatsidf
                0x0000000008000544                __aeabi_i2d
                0x0000000008000568                __aeabi_f2d
                0x0000000008000568                __extendsfdf2
                0x00000000080005ac                __floatundidf
                0x00000000080005ac                __aeabi_ul2d
                0x00000000080005bc                __floatdidf
                0x00000000080005bc                __aeabi_l2d
 .text          0x0000000008000618      0x424 d:/programes/stm32/stm32cubeide_1.10.1/stm32cubeide/plugins/com.st.stm32cube.ide.mcu.externaltools.gnu-tools-for-stm32.10.3-2021.10.win32_1.0.0.202111181127/tools/bin/../lib/gcc/arm-none-eabi/10.3.1/thumb/v7e-m+fp/hard\libgcc.a(_arm_muldivdf3.o)
                0x0000000008000618                __aeabi_dmul
                0x0000000008000618                __muldf3
                0x000000000800086c                __divdf3
                0x000000000800086c                __aeabi_ddiv
 .text          0x0000000008000a3c      0x110 d:/programes/stm32/stm32cubeide_1.10.1/stm32cubeide/plugins/com.st.stm32cube.ide.mcu.externaltools.gnu-tools-for-stm32.10.3-2021.10.win32_1.0.0.202111181127/tools/bin/../lib/gcc/arm-none-eabi/10.3.1/thumb/v7e-m+fp/hard\libgcc.a(_arm_cmpdf2.o)
                0x0000000008000a3c                __gtdf2
                0x0000000008000a3c                __gedf2
                0x0000000008000a44                __ltdf2
                0x0000000008000a44                __ledf2
                0x0000000008000a4c                __nedf2
                0x0000000008000a4c                __eqdf2
                0x0000000008000a4c                __cmpdf2
                0x0000000008000ac8                __aeabi_cdrcmple
                0x0000000008000ad8                __aeabi_cdcmpeq
                0x0000000008000ad8                __aeabi_cdcmple
                0x0000000008000ae8                __aeabi_dcmpeq
                0x0000000008000afc                __aeabi_dcmplt
                0x0000000008000b10                __aeabi_dcmple
                0x0000000008000b24                __aeabi_dcmpge
                0x0000000008000b38                __aeabi_dcmpgt
 .text          0x0000000008000b4c       0x2c d:/programes/stm32/stm32cubeide_1.10.1/stm32cubeide/plugins/com.st.stm32cube.ide.mcu.externaltools.gnu-tools-for-stm32.10.3-2021.10.win32_1.0.0.202111181127/tools/bin/../lib/gcc/arm-none-eabi/10.3.1/thumb/v7e-m+fp/hard\libgcc.a(_arm_unorddf2.o)
                0x0000000008000b4c                __unorddf2
                0x0000000008000b4c                __aeabi_dcmpun
 .text          0x0000000008000b78       0x50 d:/programes/stm32/stm32cubeide_1.10.1/stm32cubeide/plugins/com.st.stm32cube.ide.mcu.externaltools.gnu-tools-for-stm32.10.3-2021.10.win32_1.0.0.202111181127/tools/bin/../lib/gcc/arm-none-eabi/10.3.1/thumb/v7e-m+fp/hard\libgcc.a(_arm_fixdfsi.o)
                0x0000000008000b78                __aeabi_d2iz
                0x0000000008000b78                __fixdfsi
 .text          0x0000000008000bc8       0x40 d:/programes/stm32/stm32cubeide_1.10.1/stm32cubeide/plugins/com.st.stm32cube.ide.mcu.externaltools.gnu-tools-for-stm32.10.3-2021.10.win32_1.0.0.202111181127/tools/bin/../lib/gcc/arm-none-eabi/10.3.1/thumb/v7e-m+fp/hard\libgcc.a(_arm_fixunsdfsi.o)
                0x0000000008000bc8                __aeabi_d2uiz
                0x0000000008000bc8                __fixunsdfsi
 .text          0x0000000008000c08       0xa0 d:/programes/stm32/stm32cubeide_1.10.1/stm32cubeide/plugins/com.st.stm32cube.ide.mcu.externaltools.gnu-tools-for-stm32.10.3-2021.10.win32_1.0.0.202111181127/tools/bin/../lib/gcc/arm-none-eabi/10.3.1/thumb/v7e-m+fp/hard\libgcc.a(_arm_truncdfsf2.o)
                0x0000000008000c08                __truncdfsf2
                0x0000000008000c08                __aeabi_d2f
 .text          0x0000000008000ca8       0x30 d:/programes/stm32/stm32cubeide_1.10.1/stm32cubeide/plugins/com.st.stm32cube.ide.mcu.externaltools.gnu-tools-for-stm32.10.3-2021.10.win32_1.0.0.202111181127/tools/bin/../lib/gcc/arm-none-eabi/10.3.1/thumb/v7e-m+fp/hard\libgcc.a(_aeabi_uldivmod.o)
                0x0000000008000ca8                __aeabi_uldivmod
 .text          0x0000000008000cd8       0x30 d:/programes/stm32/stm32cubeide_1.10.1/stm32cubeide/plugins/com.st.stm32cube.ide.mcu.externaltools.gnu-tools-for-stm32.10.3-2021.10.win32_1.0.0.202111181127/tools/bin/../lib/gcc/arm-none-eabi/10.3.1/thumb/v7e-m+fp/hard\libgcc.a(_fixdfdi.o)
                0x0000000008000cd8                __fixdfdi
                0x0000000008000cd8                __aeabi_d2lz
 .text          0x0000000008000d08       0x3c d:/programes/stm32/stm32cubeide_1.10.1/stm32cubeide/plugins/com.st.stm32cube.ide.mcu.externaltools.gnu-tools-for-stm32.10.3-2021.10.win32_1.0.0.202111181127/tools/bin/../lib/gcc/arm-none-eabi/10.3.1/thumb/v7e-m+fp/hard\libgcc.a(_fixunsdfdi.o)
                0x0000000008000d08                __fixunsdfdi
                0x0000000008000d08                __aeabi_d2ulz
 .text          0x0000000008000d44      0x2d0 d:/programes/stm32/stm32cubeide_1.10.1/stm32cubeide/plugins/com.st.stm32cube.ide.mcu.externaltools.gnu-tools-for-stm32.10.3-2021.10.win32_1.0.0.202111181127/tools/bin/../lib/gcc/arm-none-eabi/10.3.1/thumb/v7e-m+fp/hard\libgcc.a(_udivmoddi4.o)
                0x0000000008000d44                __udivmoddi4
 .text          0x0000000008001014        0x4 d:/programes/stm32/stm32cubeide_1.10.1/stm32cubeide/plugins/com.st.stm32cube.ide.mcu.externaltools.gnu-tools-for-stm32.10.3-2021.10.win32_1.0.0.202111181127/tools/bin/../lib/gcc/arm-none-eabi/10.3.1/thumb/v7e-m+fp/hard\libgcc.a(_dvmd_tls.o)
                0x0000000008001014                __aeabi_idiv0
                0x0000000008001014                __aeabi_ldiv0
 *(.text*)
 .text._LCD_SendInternal
                0x0000000008001018       0xde ./Core/Src/lcd.o
                0x0000000008001018                _LCD_SendInternal
 .text._LCD_SendCommand
                0x00000000080010f6       0x22 ./Core/Src/lcd.o
                0x00000000080010f6                _LCD_SendCommand
 .text._LCD_SendData
                0x0000000008001118       0x22 ./Core/Src/lcd.o
                0x0000000008001118                _LCD_SendData
 .text.LCD_Print
                0x000000000800113a       0x3e ./Core/Src/lcd.o
                0x000000000800113a                LCD_Print
 .text.LCD_Begin
                0x0000000008001178       0x66 ./Core/Src/lcd.o
                0x0000000008001178                LCD_Begin
 .text.LCD_SetCursor
                0x00000000080011de       0x4a ./Core/Src/lcd.o
                0x00000000080011de                LCD_SetCursor
 .text.LCD_Clear
                0x0000000008001228       0x1a ./Core/Src/lcd.o
                0x0000000008001228                LCD_Clear
 *fill*         0x0000000008001242        0x6 
 .text.main     0x0000000008001248      0x314 ./Core/Src/main.o
                0x0000000008001248                main
 .text.SystemClock_Config
                0x000000000800155c       0xd4 ./Core/Src/main.o
                0x000000000800155c                SystemClock_Config
 .text.MX_ADC1_Init
                0x0000000008001630       0xa4 ./Core/Src/main.o
 .text.MX_ADC2_Init
                0x00000000080016d4       0xa4 ./Core/Src/main.o
 .text.MX_DAC_Init
                0x0000000008001778       0x54 ./Core/Src/main.o
 .text.MX_ETH_Init
                0x00000000080017cc       0x9c ./Core/Src/main.o
 .text.MX_I2C2_Init
                0x0000000008001868       0x80 ./Core/Src/main.o
 .text.MX_TIM2_Init
                0x00000000080018e8       0x98 ./Core/Src/main.o
 .text.MX_USART1_UART_Init
                0x0000000008001980       0x54 ./Core/Src/main.o
 .text.MX_USART3_UART_Init
                0x00000000080019d4       0x54 ./Core/Src/main.o
 .text.MX_USB_OTG_FS_PCD_Init
                0x0000000008001a28       0x5c ./Core/Src/main.o
 .text.MX_GPIO_Init
                0x0000000008001a84      0x188 ./Core/Src/main.o
 .text.HAL_GPIO_EXTI_Callback
                0x0000000008001c0c       0x40 ./Core/Src/main.o
                0x0000000008001c0c                HAL_GPIO_EXTI_Callback
 .text.Error_Handler
                0x0000000008001c4c        0xa ./Core/Src/main.o
                0x0000000008001c4c                Error_Handler
 *fill*         0x0000000008001c56        0x2 
 .text.HAL_MspInit
                0x0000000008001c58       0x50 ./Core/Src/stm32f4xx_hal_msp.o
                0x0000000008001c58                HAL_MspInit
 .text.HAL_ADC_MspInit
                0x0000000008001ca8       0xec ./Core/Src/stm32f4xx_hal_msp.o
                0x0000000008001ca8                HAL_ADC_MspInit
 .text.HAL_DAC_MspInit
                0x0000000008001d94       0x88 ./Core/Src/stm32f4xx_hal_msp.o
                0x0000000008001d94                HAL_DAC_MspInit
 .text.HAL_ETH_MspInit
                0x0000000008001e1c      0x18c ./Core/Src/stm32f4xx_hal_msp.o
                0x0000000008001e1c                HAL_ETH_MspInit
 .text.HAL_I2C_MspInit
                0x0000000008001fa8       0x90 ./Core/Src/stm32f4xx_hal_msp.o
                0x0000000008001fa8                HAL_I2C_MspInit
 .text.HAL_TIM_Base_MspInit
                0x0000000008002038       0x40 ./Core/Src/stm32f4xx_hal_msp.o
                0x0000000008002038                HAL_TIM_Base_MspInit
 .text.HAL_UART_MspInit
                0x0000000008002078       0xfc ./Core/Src/stm32f4xx_hal_msp.o
                0x0000000008002078                HAL_UART_MspInit
 .text.HAL_PCD_MspInit
                0x0000000008002174       0xb4 ./Core/Src/stm32f4xx_hal_msp.o
                0x0000000008002174                HAL_PCD_MspInit
 .text.NMI_Handler
                0x0000000008002228        0x6 ./Core/Src/stm32f4xx_it.o
                0x0000000008002228                NMI_Handler
 .text.HardFault_Handler
                0x000000000800222e        0x6 ./Core/Src/stm32f4xx_it.o
                0x000000000800222e                HardFault_Handler
 .text.MemManage_Handler
                0x0000000008002234        0x6 ./Core/Src/stm32f4xx_it.o
                0x0000000008002234                MemManage_Handler
 .text.BusFault_Handler
                0x000000000800223a        0x6 ./Core/Src/stm32f4xx_it.o
                0x000000000800223a                BusFault_Handler
 .text.UsageFault_Handler
                0x0000000008002240        0x6 ./Core/Src/stm32f4xx_it.o
                0x0000000008002240                UsageFault_Handler
 .text.SVC_Handler
                0x0000000008002246        0xe ./Core/Src/stm32f4xx_it.o
                0x0000000008002246                SVC_Handler
 .text.DebugMon_Handler
                0x0000000008002254        0xe ./Core/Src/stm32f4xx_it.o
                0x0000000008002254                DebugMon_Handler
 .text.PendSV_Handler
                0x0000000008002262        0xe ./Core/Src/stm32f4xx_it.o
                0x0000000008002262                PendSV_Handler
 .text.SysTick_Handler
                0x0000000008002270        0xc ./Core/Src/stm32f4xx_it.o
                0x0000000008002270                SysTick_Handler
 .text.EXTI15_10_IRQHandler
                0x000000000800227c       0x10 ./Core/Src/stm32f4xx_it.o
                0x000000000800227c                EXTI15_10_IRQHandler
 .text._getpid  0x000000000800228c       0x10 ./Core/Src/syscalls.o
                0x000000000800228c                _getpid
 .text._kill    0x000000000800229c       0x20 ./Core/Src/syscalls.o
                0x000000000800229c                _kill
 .text._exit    0x00000000080022bc       0x14 ./Core/Src/syscalls.o
                0x00000000080022bc                _exit
 .text._read    0x00000000080022d0       0x3a ./Core/Src/syscalls.o
                0x00000000080022d0                _read
 .text._write   0x000000000800230a       0x38 ./Core/Src/syscalls.o
                0x000000000800230a                _write
 .text._close   0x0000000008002342       0x18 ./Core/Src/syscalls.o
                0x0000000008002342                _close
 .text._fstat   0x000000000800235a       0x20 ./Core/Src/syscalls.o
                0x000000000800235a                _fstat
 .text._isatty  0x000000000800237a       0x16 ./Core/Src/syscalls.o
                0x000000000800237a                _isatty
 .text._lseek   0x0000000008002390       0x1a ./Core/Src/syscalls.o
                0x0000000008002390                _lseek
 *fill*         0x00000000080023aa        0x2 
 .text._sbrk    0x00000000080023ac       0x6c ./Core/Src/sysmem.o
                0x00000000080023ac                _sbrk
 .text.SystemInit
                0x0000000008002418       0x24 ./Core/Src/system_stm32f4xx.o
                0x0000000008002418                SystemInit
 .text.Reset_Handler
                0x000000000800243c       0x50 ./Core/Startup/startup_stm32f429zitx.o
                0x000000000800243c                Reset_Handler
 .text.Default_Handler
                0x000000000800248c        0x2 ./Core/Startup/startup_stm32f429zitx.o
                0x000000000800248c                RTC_Alarm_IRQHandler
                0x000000000800248c                HASH_RNG_IRQHandler
                0x000000000800248c                EXTI2_IRQHandler
                0x000000000800248c                TIM8_CC_IRQHandler
                0x000000000800248c                UART8_IRQHandler
                0x000000000800248c                SPI4_IRQHandler
                0x000000000800248c                TIM1_CC_IRQHandler
                0x000000000800248c                DMA2_Stream5_IRQHandler
                0x000000000800248c                DMA1_Stream5_IRQHandler
                0x000000000800248c                PVD_IRQHandler
                0x000000000800248c                SDIO_IRQHandler
                0x000000000800248c                TAMP_STAMP_IRQHandler
                0x000000000800248c                CAN2_RX1_IRQHandler
                0x000000000800248c                EXTI3_IRQHandler
                0x000000000800248c                TIM8_TRG_COM_TIM14_IRQHandler
                0x000000000800248c                TIM1_UP_TIM10_IRQHandler
                0x000000000800248c                TIM8_UP_TIM13_IRQHandler
                0x000000000800248c                I2C3_ER_IRQHandler
                0x000000000800248c                EXTI0_IRQHandler
                0x000000000800248c                I2C2_EV_IRQHandler
                0x000000000800248c                DMA1_Stream2_IRQHandler
                0x000000000800248c                CAN1_RX0_IRQHandler
                0x000000000800248c                FPU_IRQHandler
                0x000000000800248c                OTG_HS_WKUP_IRQHandler
                0x000000000800248c                LTDC_ER_IRQHandler
                0x000000000800248c                CAN2_SCE_IRQHandler
                0x000000000800248c                DMA2_Stream2_IRQHandler
                0x000000000800248c                SPI1_IRQHandler
                0x000000000800248c                TIM6_DAC_IRQHandler
                0x000000000800248c                TIM1_BRK_TIM9_IRQHandler
                0x000000000800248c                DCMI_IRQHandler
                0x000000000800248c                CAN2_RX0_IRQHandler
                0x000000000800248c                DMA2_Stream3_IRQHandler
                0x000000000800248c                USART6_IRQHandler
                0x000000000800248c                USART3_IRQHandler
                0x000000000800248c                CAN1_RX1_IRQHandler
                0x000000000800248c                UART5_IRQHandler
                0x000000000800248c                DMA2_Stream0_IRQHandler
                0x000000000800248c                TIM4_IRQHandler
                0x000000000800248c                I2C1_EV_IRQHandler
                0x000000000800248c                DMA1_Stream6_IRQHandler
                0x000000000800248c                DMA1_Stream1_IRQHandler
                0x000000000800248c                UART4_IRQHandler
                0x000000000800248c                TIM3_IRQHandler
                0x000000000800248c                RCC_IRQHandler
                0x000000000800248c                TIM8_BRK_TIM12_IRQHandler
                0x000000000800248c                Default_Handler
                0x000000000800248c                ADC_IRQHandler
                0x000000000800248c                DMA1_Stream7_IRQHandler
                0x000000000800248c                SPI5_IRQHandler
                0x000000000800248c                TIM7_IRQHandler
                0x000000000800248c                CAN2_TX_IRQHandler
                0x000000000800248c                TIM5_IRQHandler
                0x000000000800248c                DMA2_Stream7_IRQHandler
                0x000000000800248c                I2C3_EV_IRQHandler
                0x000000000800248c                EXTI9_5_IRQHandler
                0x000000000800248c                RTC_WKUP_IRQHandler
                0x000000000800248c                LTDC_IRQHandler
                0x000000000800248c                ETH_WKUP_IRQHandler
                0x000000000800248c                SPI2_IRQHandler
                0x000000000800248c                OTG_HS_EP1_IN_IRQHandler
                0x000000000800248c                DMA1_Stream0_IRQHandler
                0x000000000800248c                CAN1_TX_IRQHandler
                0x000000000800248c                EXTI4_IRQHandler
                0x000000000800248c                ETH_IRQHandler
                0x000000000800248c                OTG_HS_EP1_OUT_IRQHandler
                0x000000000800248c                WWDG_IRQHandler
                0x000000000800248c                SPI6_IRQHandler
                0x000000000800248c                TIM2_IRQHandler
                0x000000000800248c                OTG_FS_WKUP_IRQHandler
                0x000000000800248c                TIM1_TRG_COM_TIM11_IRQHandler
                0x000000000800248c                OTG_HS_IRQHandler
                0x000000000800248c                DMA2D_IRQHandler
                0x000000000800248c                EXTI1_IRQHandler
                0x000000000800248c                UART7_IRQHandler
                0x000000000800248c                USART2_IRQHandler
                0x000000000800248c                I2C2_ER_IRQHandler
                0x000000000800248c                DMA2_Stream1_IRQHandler
                0x000000000800248c                CAN1_SCE_IRQHandler
                0x000000000800248c                FLASH_IRQHandler
                0x000000000800248c                DMA2_Stream4_IRQHandler
                0x000000000800248c                USART1_IRQHandler
                0x000000000800248c                OTG_FS_IRQHandler
                0x000000000800248c                SPI3_IRQHandler
                0x000000000800248c                DMA1_Stream4_IRQHandler
                0x000000000800248c                I2C1_ER_IRQHandler
                0x000000000800248c                FMC_IRQHandler
                0x000000000800248c                DMA2_Stream6_IRQHandler
                0x000000000800248c                SAI1_IRQHandler
                0x000000000800248c                DMA1_Stream3_IRQHandler
 *fill*         0x000000000800248e        0x2 
 .text.HAL_Init
                0x0000000008002490       0x44 ./Drivers/STM32F4xx_HAL_Driver/Src/stm32f4xx_hal.o
                0x0000000008002490                HAL_Init
 .text.HAL_InitTick
                0x00000000080024d4       0x60 ./Drivers/STM32F4xx_HAL_Driver/Src/stm32f4xx_hal.o
                0x00000000080024d4                HAL_InitTick
 .text.HAL_IncTick
                0x0000000008002534       0x28 ./Drivers/STM32F4xx_HAL_Driver/Src/stm32f4xx_hal.o
                0x0000000008002534                HAL_IncTick
 .text.HAL_GetTick
                0x000000000800255c       0x18 ./Drivers/STM32F4xx_HAL_Driver/Src/stm32f4xx_hal.o
                0x000000000800255c                HAL_GetTick
 .text.HAL_Delay
                0x0000000008002574       0x48 ./Drivers/STM32F4xx_HAL_Driver/Src/stm32f4xx_hal.o
                0x0000000008002574                HAL_Delay
 .text.HAL_ADC_Init
                0x00000000080025bc       0x86 ./Drivers/STM32F4xx_HAL_Driver/Src/stm32f4xx_hal_adc.o
                0x00000000080025bc                HAL_ADC_Init
 *fill*         0x0000000008002642        0x2 
 .text.HAL_ADC_Start
                0x0000000008002644      0x1a4 ./Drivers/STM32F4xx_HAL_Driver/Src/stm32f4xx_hal_adc.o
                0x0000000008002644                HAL_ADC_Start
 .text.HAL_ADC_PollForConversion
                0x00000000080027e8      0x116 ./Drivers/STM32F4xx_HAL_Driver/Src/stm32f4xx_hal_adc.o
                0x00000000080027e8                HAL_ADC_PollForConversion
 .text.HAL_ADC_GetValue
                0x00000000080028fe       0x1a ./Drivers/STM32F4xx_HAL_Driver/Src/stm32f4xx_hal_adc.o
                0x00000000080028fe                HAL_ADC_GetValue
 .text.HAL_ADC_ConfigChannel
                0x0000000008002918      0x264 ./Drivers/STM32F4xx_HAL_Driver/Src/stm32f4xx_hal_adc.o
                0x0000000008002918                HAL_ADC_ConfigChannel
 .text.ADC_Init
                0x0000000008002b7c      0x1f8 ./Drivers/STM32F4xx_HAL_Driver/Src/stm32f4xx_hal_adc.o
 .text.__NVIC_SetPriorityGrouping
                0x0000000008002d74       0x48 ./Drivers/STM32F4xx_HAL_Driver/Src/stm32f4xx_hal_cortex.o
 .text.__NVIC_GetPriorityGrouping
                0x0000000008002dbc       0x1c ./Drivers/STM32F4xx_HAL_Driver/Src/stm32f4xx_hal_cortex.o
 .text.__NVIC_EnableIRQ
                0x0000000008002dd8       0x3c ./Drivers/STM32F4xx_HAL_Driver/Src/stm32f4xx_hal_cortex.o
 .text.__NVIC_SetPriority
                0x0000000008002e14       0x54 ./Drivers/STM32F4xx_HAL_Driver/Src/stm32f4xx_hal_cortex.o
 .text.NVIC_EncodePriority
                0x0000000008002e68       0x66 ./Drivers/STM32F4xx_HAL_Driver/Src/stm32f4xx_hal_cortex.o
 *fill*         0x0000000008002ece        0x2 
 .text.SysTick_Config
                0x0000000008002ed0       0x44 ./Drivers/STM32F4xx_HAL_Driver/Src/stm32f4xx_hal_cortex.o
 .text.HAL_NVIC_SetPriorityGrouping
                0x0000000008002f14       0x16 ./Drivers/STM32F4xx_HAL_Driver/Src/stm32f4xx_hal_cortex.o
                0x0000000008002f14                HAL_NVIC_SetPriorityGrouping
 .text.HAL_NVIC_SetPriority
                0x0000000008002f2a       0x38 ./Drivers/STM32F4xx_HAL_Driver/Src/stm32f4xx_hal_cortex.o
                0x0000000008002f2a                HAL_NVIC_SetPriority
 .text.HAL_NVIC_EnableIRQ
                0x0000000008002f62       0x1c ./Drivers/STM32F4xx_HAL_Driver/Src/stm32f4xx_hal_cortex.o
                0x0000000008002f62                HAL_NVIC_EnableIRQ
 .text.HAL_SYSTICK_Config
                0x0000000008002f7e       0x18 ./Drivers/STM32F4xx_HAL_Driver/Src/stm32f4xx_hal_cortex.o
                0x0000000008002f7e                HAL_SYSTICK_Config
 .text.HAL_DAC_Init
                0x0000000008002f96       0x44 ./Drivers/STM32F4xx_HAL_Driver/Src/stm32f4xx_hal_dac.o
                0x0000000008002f96                HAL_DAC_Init
 .text.HAL_DAC_Start
                0x0000000008002fda       0xa4 ./Drivers/STM32F4xx_HAL_Driver/Src/stm32f4xx_hal_dac.o
                0x0000000008002fda                HAL_DAC_Start
 .text.HAL_DAC_ConfigChannel
                0x000000000800307e       0x9e ./Drivers/STM32F4xx_HAL_Driver/Src/stm32f4xx_hal_dac.o
                0x000000000800307e                HAL_DAC_ConfigChannel
 .text.HAL_ETH_Init
                0x000000000800311c       0xfc ./Drivers/STM32F4xx_HAL_Driver/Src/stm32f4xx_hal_eth.o
                0x000000000800311c                HAL_ETH_Init
 .text.ETH_SetMACConfig
                0x0000000008003218      0x160 ./Drivers/STM32F4xx_HAL_Driver/Src/stm32f4xx_hal_eth.o
 .text.ETH_SetDMAConfig
                0x0000000008003378      0x114 ./Drivers/STM32F4xx_HAL_Driver/Src/stm32f4xx_hal_eth.o
 .text.ETH_MACDMAConfig
                0x000000000800348c       0xe4 ./Drivers/STM32F4xx_HAL_Driver/Src/stm32f4xx_hal_eth.o
 .text.ETH_MACAddressConfig
                0x0000000008003570       0x70 ./Drivers/STM32F4xx_HAL_Driver/Src/stm32f4xx_hal_eth.o
 .text.ETH_DMATxDescListInit
                0x00000000080035e0       0xb2 ./Drivers/STM32F4xx_HAL_Driver/Src/stm32f4xx_hal_eth.o
 .text.ETH_DMARxDescListInit
                0x0000000008003692       0xda ./Drivers/STM32F4xx_HAL_Driver/Src/stm32f4xx_hal_eth.o
 .text.HAL_GPIO_Init
                0x000000000800376c      0x358 ./Drivers/STM32F4xx_HAL_Driver/Src/stm32f4xx_hal_gpio.o
                0x000000000800376c                HAL_GPIO_Init
 .text.HAL_GPIO_WritePin
                0x0000000008003ac4       0x32 ./Drivers/STM32F4xx_HAL_Driver/Src/stm32f4xx_hal_gpio.o
                0x0000000008003ac4                HAL_GPIO_WritePin
 *fill*         0x0000000008003af6        0x2 
 .text.HAL_GPIO_EXTI_IRQHandler
                0x0000000008003af8       0x30 ./Drivers/STM32F4xx_HAL_Driver/Src/stm32f4xx_hal_gpio.o
                0x0000000008003af8                HAL_GPIO_EXTI_IRQHandler
 .text.HAL_I2C_Init
                0x0000000008003b28      0x288 ./Drivers/STM32F4xx_HAL_Driver/Src/stm32f4xx_hal_i2c.o
                0x0000000008003b28                HAL_I2C_Init
 .text.HAL_I2C_Master_Transmit
                0x0000000008003db0      0x1fc ./Drivers/STM32F4xx_HAL_Driver/Src/stm32f4xx_hal_i2c.o
                0x0000000008003db0                HAL_I2C_Master_Transmit
 .text.HAL_I2C_IsDeviceReady
                0x0000000008003fac      0x25c ./Drivers/STM32F4xx_HAL_Driver/Src/stm32f4xx_hal_i2c.o
                0x0000000008003fac                HAL_I2C_IsDeviceReady
 .text.I2C_MasterRequestWrite
                0x0000000008004208      0x104 ./Drivers/STM32F4xx_HAL_Driver/Src/stm32f4xx_hal_i2c.o
 .text.I2C_WaitOnFlagUntilTimeout
                0x000000000800430c       0xae ./Drivers/STM32F4xx_HAL_Driver/Src/stm32f4xx_hal_i2c.o
 .text.I2C_WaitOnMasterAddressFlagUntilTimeout
                0x00000000080043ba       0xfe ./Drivers/STM32F4xx_HAL_Driver/Src/stm32f4xx_hal_i2c.o
 .text.I2C_WaitOnTXEFlagUntilTimeout
                0x00000000080044b8       0x82 ./Drivers/STM32F4xx_HAL_Driver/Src/stm32f4xx_hal_i2c.o
 .text.I2C_WaitOnBTFFlagUntilTimeout
                0x000000000800453a       0x82 ./Drivers/STM32F4xx_HAL_Driver/Src/stm32f4xx_hal_i2c.o
 .text.I2C_IsAcknowledgeFailed
                0x00000000080045bc       0x5e ./Drivers/STM32F4xx_HAL_Driver/Src/stm32f4xx_hal_i2c.o
 .text.HAL_I2CEx_ConfigAnalogFilter
                0x000000000800461a       0x78 ./Drivers/STM32F4xx_HAL_Driver/Src/stm32f4xx_hal_i2c_ex.o
                0x000000000800461a                HAL_I2CEx_ConfigAnalogFilter
 .text.HAL_I2CEx_ConfigDigitalFilter
                0x0000000008004692       0x7e ./Drivers/STM32F4xx_HAL_Driver/Src/stm32f4xx_hal_i2c_ex.o
                0x0000000008004692                HAL_I2CEx_ConfigDigitalFilter
 .text.HAL_PCD_Init
                0x0000000008004710      0x23a ./Drivers/STM32F4xx_HAL_Driver/Src/stm32f4xx_hal_pcd.o
                0x0000000008004710                HAL_PCD_Init
 *fill*         0x000000000800494a        0x2 
 .text.HAL_RCC_OscConfig
                0x000000000800494c      0x4f0 ./Drivers/STM32F4xx_HAL_Driver/Src/stm32f4xx_hal_rcc.o
                0x000000000800494c                HAL_RCC_OscConfig
 .text.HAL_RCC_ClockConfig
                0x0000000008004e3c      0x1cc ./Drivers/STM32F4xx_HAL_Driver/Src/stm32f4xx_hal_rcc.o
                0x0000000008004e3c                HAL_RCC_ClockConfig
 .text.HAL_RCC_GetSysClockFreq
                0x0000000008005008      0x20c ./Drivers/STM32F4xx_HAL_Driver/Src/stm32f4xx_hal_rcc.o
                0x0000000008005008                HAL_RCC_GetSysClockFreq
 .text.HAL_RCC_GetHCLKFreq
                0x0000000008005214       0x18 ./Drivers/STM32F4xx_HAL_Driver/Src/stm32f4xx_hal_rcc.o
                0x0000000008005214                HAL_RCC_GetHCLKFreq
 .text.HAL_RCC_GetPCLK1Freq
                0x000000000800522c       0x28 ./Drivers/STM32F4xx_HAL_Driver/Src/stm32f4xx_hal_rcc.o
                0x000000000800522c                HAL_RCC_GetPCLK1Freq
 .text.HAL_RCC_GetPCLK2Freq
                0x0000000008005254       0x28 ./Drivers/STM32F4xx_HAL_Driver/Src/stm32f4xx_hal_rcc.o
                0x0000000008005254                HAL_RCC_GetPCLK2Freq
 .text.HAL_TIM_Base_Init
                0x000000000800527c       0x9e ./Drivers/STM32F4xx_HAL_Driver/Src/stm32f4xx_hal_tim.o
                0x000000000800527c                HAL_TIM_Base_Init
 *fill*         0x000000000800531a        0x2 
 .text.HAL_TIM_Base_Start
                0x000000000800531c       0xd0 ./Drivers/STM32F4xx_HAL_Driver/Src/stm32f4xx_hal_tim.o
                0x000000000800531c                HAL_TIM_Base_Start
 .text.HAL_TIM_ConfigClockSource
                0x00000000080053ec      0x18e ./Drivers/STM32F4xx_HAL_Driver/Src/stm32f4xx_hal_tim.o
                0x00000000080053ec                HAL_TIM_ConfigClockSource
 *fill*         0x000000000800557a        0x2 
 .text.TIM_Base_SetConfig
                0x000000000800557c      0x140 ./Drivers/STM32F4xx_HAL_Driver/Src/stm32f4xx_hal_tim.o
                0x000000000800557c                TIM_Base_SetConfig
 .text.TIM_TI1_ConfigInputStage
                0x00000000080056bc       0x5e ./Drivers/STM32F4xx_HAL_Driver/Src/stm32f4xx_hal_tim.o
 .text.TIM_TI2_ConfigInputStage
                0x000000000800571a       0x60 ./Drivers/STM32F4xx_HAL_Driver/Src/stm32f4xx_hal_tim.o
 .text.TIM_ITRx_SetConfig
                0x000000000800577a       0x36 ./Drivers/STM32F4xx_HAL_Driver/Src/stm32f4xx_hal_tim.o
 .text.TIM_ETR_SetConfig
                0x00000000080057b0       0x40 ./Drivers/STM32F4xx_HAL_Driver/Src/stm32f4xx_hal_tim.o
                0x00000000080057b0                TIM_ETR_SetConfig
 .text.HAL_TIMEx_MasterConfigSynchronization
                0x00000000080057f0       0xf8 ./Drivers/STM32F4xx_HAL_Driver/Src/stm32f4xx_hal_tim_ex.o
                0x00000000080057f0                HAL_TIMEx_MasterConfigSynchronization
 .text.HAL_UART_Init
                0x00000000080058e8       0x9a ./Drivers/STM32F4xx_HAL_Driver/Src/stm32f4xx_hal_uart.o
                0x00000000080058e8                HAL_UART_Init
 *fill*         0x0000000008005982        0x2 
 .text.UART_SetConfig
                0x0000000008005984      0x4e8 ./Drivers/STM32F4xx_HAL_Driver/Src/stm32f4xx_hal_uart.o
 .text.USB_CoreInit
                0x0000000008005e6c       0xc2 ./Drivers/STM32F4xx_HAL_Driver/Src/stm32f4xx_ll_usb.o
                0x0000000008005e6c                USB_CoreInit
 .text.USB_DisableGlobalInt
                0x0000000008005f2e       0x22 ./Drivers/STM32F4xx_HAL_Driver/Src/stm32f4xx_ll_usb.o
                0x0000000008005f2e                USB_DisableGlobalInt
 .text.USB_SetCurrentMode
                0x0000000008005f50       0x98 ./Drivers/STM32F4xx_HAL_Driver/Src/stm32f4xx_ll_usb.o
                0x0000000008005f50                USB_SetCurrentMode
 .text.USB_DevInit
                0x0000000008005fe8      0x2c8 ./Drivers/STM32F4xx_HAL_Driver/Src/stm32f4xx_ll_usb.o
                0x0000000008005fe8                USB_DevInit
 .text.USB_FlushTxFifo
                0x00000000080062b0       0x68 ./Drivers/STM32F4xx_HAL_Driver/Src/stm32f4xx_ll_usb.o
                0x00000000080062b0                USB_FlushTxFifo
 .text.USB_FlushRxFifo
                0x0000000008006318       0x60 ./Drivers/STM32F4xx_HAL_Driver/Src/stm32f4xx_ll_usb.o
                0x0000000008006318                USB_FlushRxFifo
 .text.USB_SetDevSpeed
                0x0000000008006378       0x32 ./Drivers/STM32F4xx_HAL_Driver/Src/stm32f4xx_ll_usb.o
                0x0000000008006378                USB_SetDevSpeed
 .text.USB_DevDisconnect
                0x00000000080063aa       0x42 ./Drivers/STM32F4xx_HAL_Driver/Src/stm32f4xx_ll_usb.o
                0x00000000080063aa                USB_DevDisconnect
 .text.USB_GetMode
                0x00000000080063ec       0x1c ./Drivers/STM32F4xx_HAL_Driver/Src/stm32f4xx_ll_usb.o
                0x00000000080063ec                USB_GetMode
 .text.USB_CoreReset
                0x0000000008006408       0x68 ./Drivers/STM32F4xx_HAL_Driver/Src/stm32f4xx_ll_usb.o
 .text.__errno  0x0000000008006470        0xc d:/programes/stm32/stm32cubeide_1.10.1/stm32cubeide/plugins/com.st.stm32cube.ide.mcu.externaltools.gnu-tools-for-stm32.10.3-2021.10.win32_1.0.0.202111181127/tools/bin/../lib/gcc/arm-none-eabi/10.3.1/../../../../arm-none-eabi/lib/thumb/v7e-m+fp/hard\libc_nano.a(lib_a-errno.o)
                0x0000000008006470                __errno
 .text.__libc_init_array
                0x000000000800647c       0x48 d:/programes/stm32/stm32cubeide_1.10.1/stm32cubeide/plugins/com.st.stm32cube.ide.mcu.externaltools.gnu-tools-for-stm32.10.3-2021.10.win32_1.0.0.202111181127/tools/bin/../lib/gcc/arm-none-eabi/10.3.1/../../../../arm-none-eabi/lib/thumb/v7e-m+fp/hard\libc_nano.a(lib_a-init.o)
                0x000000000800647c                __libc_init_array
 .text.memset   0x00000000080064c4       0x10 d:/programes/stm32/stm32cubeide_1.10.1/stm32cubeide/plugins/com.st.stm32cube.ide.mcu.externaltools.gnu-tools-for-stm32.10.3-2021.10.win32_1.0.0.202111181127/tools/bin/../lib/gcc/arm-none-eabi/10.3.1/../../../../arm-none-eabi/lib/thumb/v7e-m+fp/hard\libc_nano.a(lib_a-memset.o)
                0x00000000080064c4                memset
 .text.__cvt    0x00000000080064d4       0xc4 d:/programes/stm32/stm32cubeide_1.10.1/stm32cubeide/plugins/com.st.stm32cube.ide.mcu.externaltools.gnu-tools-for-stm32.10.3-2021.10.win32_1.0.0.202111181127/tools/bin/../lib/gcc/arm-none-eabi/10.3.1/../../../../arm-none-eabi/lib/thumb/v7e-m+fp/hard\libc_nano.a(lib_a-nano-vfprintf_float.o)
                0x00000000080064d4                __cvt
 .text.__exponent
                0x0000000008006598       0x7c d:/programes/stm32/stm32cubeide_1.10.1/stm32cubeide/plugins/com.st.stm32cube.ide.mcu.externaltools.gnu-tools-for-stm32.10.3-2021.10.win32_1.0.0.202111181127/tools/bin/../lib/gcc/arm-none-eabi/10.3.1/../../../../arm-none-eabi/lib/thumb/v7e-m+fp/hard\libc_nano.a(lib_a-nano-vfprintf_float.o)
                0x0000000008006598                __exponent
 .text._printf_float
                0x0000000008006614      0x46c d:/programes/stm32/stm32cubeide_1.10.1/stm32cubeide/plugins/com.st.stm32cube.ide.mcu.externaltools.gnu-tools-for-stm32.10.3-2021.10.win32_1.0.0.202111181127/tools/bin/../lib/gcc/arm-none-eabi/10.3.1/../../../../arm-none-eabi/lib/thumb/v7e-m+fp/hard\libc_nano.a(lib_a-nano-vfprintf_float.o)
                0x0000000008006614                _printf_float
 .text._printf_common
                0x0000000008006a80       0xda d:/programes/stm32/stm32cubeide_1.10.1/stm32cubeide/plugins/com.st.stm32cube.ide.mcu.externaltools.gnu-tools-for-stm32.10.3-2021.10.win32_1.0.0.202111181127/tools/bin/../lib/gcc/arm-none-eabi/10.3.1/../../../../arm-none-eabi/lib/thumb/v7e-m+fp/hard\libc_nano.a(lib_a-nano-vfprintf_i.o)
                0x0000000008006a80                _printf_common
 *fill*         0x0000000008006b5a        0x2 
 .text._printf_i
                0x0000000008006b5c      0x24c d:/programes/stm32/stm32cubeide_1.10.1/stm32cubeide/plugins/com.st.stm32cube.ide.mcu.externaltools.gnu-tools-for-stm32.10.3-2021.10.win32_1.0.0.202111181127/tools/bin/../lib/gcc/arm-none-eabi/10.3.1/../../../../arm-none-eabi/lib/thumb/v7e-m+fp/hard\libc_nano.a(lib_a-nano-vfprintf_i.o)
                0x0000000008006b5c                _printf_i
 .text._scanf_float
                0x0000000008006da8      0x420 d:/programes/stm32/stm32cubeide_1.10.1/stm32cubeide/plugins/com.st.stm32cube.ide.mcu.externaltools.gnu-tools-for-stm32.10.3-2021.10.win32_1.0.0.202111181127/tools/bin/../lib/gcc/arm-none-eabi/10.3.1/../../../../arm-none-eabi/lib/thumb/v7e-m+fp/hard\libc_nano.a(lib_a-nano-vfscanf_float.o)
                0x0000000008006da8                _scanf_float
 .text.nanf     0x00000000080071c8        0xc d:/programes/stm32/stm32cubeide_1.10.1/stm32cubeide/plugins/com.st.stm32cube.ide.mcu.externaltools.gnu-tools-for-stm32.10.3-2021.10.win32_1.0.0.202111181127/tools/bin/../lib/gcc/arm-none-eabi/10.3.1/../../../../arm-none-eabi/lib/thumb/v7e-m+fp/hard\libc_nano.a(lib_a-sf_nan.o)
                0x00000000080071c8                nanf
 .text.sprintf  0x00000000080071d4       0x40 d:/programes/stm32/stm32cubeide_1.10.1/stm32cubeide/plugins/com.st.stm32cube.ide.mcu.externaltools.gnu-tools-for-stm32.10.3-2021.10.win32_1.0.0.202111181127/tools/bin/../lib/gcc/arm-none-eabi/10.3.1/../../../../arm-none-eabi/lib/thumb/v7e-m+fp/hard\libc_nano.a(lib_a-sprintf.o)
                0x00000000080071d4                siprintf
                0x00000000080071d4                sprintf
 .text.sulp     0x0000000008007214       0x38 d:/programes/stm32/stm32cubeide_1.10.1/stm32cubeide/plugins/com.st.stm32cube.ide.mcu.externaltools.gnu-tools-for-stm32.10.3-2021.10.win32_1.0.0.202111181127/tools/bin/../lib/gcc/arm-none-eabi/10.3.1/../../../../arm-none-eabi/lib/thumb/v7e-m+fp/hard\libc_nano.a(lib_a-strtod.o)
 *fill*         0x000000000800724c        0x4 
 .text._strtod_l
                0x0000000008007250      0xc0c d:/programes/stm32/stm32cubeide_1.10.1/stm32cubeide/plugins/com.st.stm32cube.ide.mcu.externaltools.gnu-tools-for-stm32.10.3-2021.10.win32_1.0.0.202111181127/tools/bin/../lib/gcc/arm-none-eabi/10.3.1/../../../../arm-none-eabi/lib/thumb/v7e-m+fp/hard\libc_nano.a(lib_a-strtod.o)
                0x0000000008007250                _strtod_l
 .text._strtod_r
                0x0000000008007e5c        0xc d:/programes/stm32/stm32cubeide_1.10.1/stm32cubeide/plugins/com.st.stm32cube.ide.mcu.externaltools.gnu-tools-for-stm32.10.3-2021.10.win32_1.0.0.202111181127/tools/bin/../lib/gcc/arm-none-eabi/10.3.1/../../../../arm-none-eabi/lib/thumb/v7e-m+fp/hard\libc_nano.a(lib_a-strtod.o)
                0x0000000008007e5c                _strtod_r
 .text._strtol_l.constprop.0
                0x0000000008007e68      0x104 d:/programes/stm32/stm32cubeide_1.10.1/stm32cubeide/plugins/com.st.stm32cube.ide.mcu.externaltools.gnu-tools-for-stm32.10.3-2021.10.win32_1.0.0.202111181127/tools/bin/../lib/gcc/arm-none-eabi/10.3.1/../../../../arm-none-eabi/lib/thumb/v7e-m+fp/hard\libc_nano.a(lib_a-strtol.o)
 .text._strtol_r
                0x0000000008007f6c        0x4 d:/programes/stm32/stm32cubeide_1.10.1/stm32cubeide/plugins/com.st.stm32cube.ide.mcu.externaltools.gnu-tools-for-stm32.10.3-2021.10.win32_1.0.0.202111181127/tools/bin/../lib/gcc/arm-none-eabi/10.3.1/../../../../arm-none-eabi/lib/thumb/v7e-m+fp/hard\libc_nano.a(lib_a-strtol.o)
                0x0000000008007f6c                _strtol_r
 .text.quorem   0x0000000008007f70      0x116 d:/programes/stm32/stm32cubeide_1.10.1/stm32cubeide/plugins/com.st.stm32cube.ide.mcu.externaltools.gnu-tools-for-stm32.10.3-2021.10.win32_1.0.0.202111181127/tools/bin/../lib/gcc/arm-none-eabi/10.3.1/../../../../arm-none-eabi/lib/thumb/v7e-m+fp/hard\libc_nano.a(lib_a-dtoa.o)
 *fill*         0x0000000008008086        0x2 
 .text._dtoa_r  0x0000000008008088      0xbdc d:/programes/stm32/stm32cubeide_1.10.1/stm32cubeide/plugins/com.st.stm32cube.ide.mcu.externaltools.gnu-tools-for-stm32.10.3-2021.10.win32_1.0.0.202111181127/tools/bin/../lib/gcc/arm-none-eabi/10.3.1/../../../../arm-none-eabi/lib/thumb/v7e-m+fp/hard\libc_nano.a(lib_a-dtoa.o)
                0x0000000008008088                _dtoa_r
 .text.rshift   0x0000000008008c64       0xa4 d:/programes/stm32/stm32cubeide_1.10.1/stm32cubeide/plugins/com.st.stm32cube.ide.mcu.externaltools.gnu-tools-for-stm32.10.3-2021.10.win32_1.0.0.202111181127/tools/bin/../lib/gcc/arm-none-eabi/10.3.1/../../../../arm-none-eabi/lib/thumb/v7e-m+fp/hard\libc_nano.a(lib_a-gdtoa-gethex.o)
 .text.__hexdig_fun
                0x0000000008008d08       0x2a d:/programes/stm32/stm32cubeide_1.10.1/stm32cubeide/plugins/com.st.stm32cube.ide.mcu.externaltools.gnu-tools-for-stm32.10.3-2021.10.win32_1.0.0.202111181127/tools/bin/../lib/gcc/arm-none-eabi/10.3.1/../../../../arm-none-eabi/lib/thumb/v7e-m+fp/hard\libc_nano.a(lib_a-gdtoa-gethex.o)
                0x0000000008008d08                __hexdig_fun
 *fill*         0x0000000008008d32        0x2 
 .text.__gethex
                0x0000000008008d34      0x48c d:/programes/stm32/stm32cubeide_1.10.1/stm32cubeide/plugins/com.st.stm32cube.ide.mcu.externaltools.gnu-tools-for-stm32.10.3-2021.10.win32_1.0.0.202111181127/tools/bin/../lib/gcc/arm-none-eabi/10.3.1/../../../../arm-none-eabi/lib/thumb/v7e-m+fp/hard\libc_nano.a(lib_a-gdtoa-gethex.o)
                0x0000000008008d34                __gethex
 .text.L_shift  0x00000000080091c0       0x24 d:/programes/stm32/stm32cubeide_1.10.1/stm32cubeide/plugins/com.st.stm32cube.ide.mcu.externaltools.gnu-tools-for-stm32.10.3-2021.10.win32_1.0.0.202111181127/tools/bin/../lib/gcc/arm-none-eabi/10.3.1/../../../../arm-none-eabi/lib/thumb/v7e-m+fp/hard\libc_nano.a(lib_a-gdtoa-hexnan.o)
 .text.__match  0x00000000080091e4       0x28 d:/programes/stm32/stm32cubeide_1.10.1/stm32cubeide/plugins/com.st.stm32cube.ide.mcu.externaltools.gnu-tools-for-stm32.10.3-2021.10.win32_1.0.0.202111181127/tools/bin/../lib/gcc/arm-none-eabi/10.3.1/../../../../arm-none-eabi/lib/thumb/v7e-m+fp/hard\libc_nano.a(lib_a-gdtoa-hexnan.o)
                0x00000000080091e4                __match
 .text.__hexnan
                0x000000000800920c      0x138 d:/programes/stm32/stm32cubeide_1.10.1/stm32cubeide/plugins/com.st.stm32cube.ide.mcu.externaltools.gnu-tools-for-stm32.10.3-2021.10.win32_1.0.0.202111181127/tools/bin/../lib/gcc/arm-none-eabi/10.3.1/../../../../arm-none-eabi/lib/thumb/v7e-m+fp/hard\libc_nano.a(lib_a-gdtoa-hexnan.o)
                0x000000000800920c                __hexnan
 .text._localeconv_r
                0x0000000008009344        0x8 d:/programes/stm32/stm32cubeide_1.10.1/stm32cubeide/plugins/com.st.stm32cube.ide.mcu.externaltools.gnu-tools-for-stm32.10.3-2021.10.win32_1.0.0.202111181127/tools/bin/../lib/gcc/arm-none-eabi/10.3.1/../../../../arm-none-eabi/lib/thumb/v7e-m+fp/hard\libc_nano.a(lib_a-localeconv.o)
                0x0000000008009344                _localeconv_r
 .text.malloc   0x000000000800934c       0x10 d:/programes/stm32/stm32cubeide_1.10.1/stm32cubeide/plugins/com.st.stm32cube.ide.mcu.externaltools.gnu-tools-for-stm32.10.3-2021.10.win32_1.0.0.202111181127/tools/bin/../lib/gcc/arm-none-eabi/10.3.1/../../../../arm-none-eabi/lib/thumb/v7e-m+fp/hard\libc_nano.a(lib_a-malloc.o)
                0x000000000800934c                malloc
 .text.__ascii_mbtowc
                0x000000000800935c       0x24 d:/programes/stm32/stm32cubeide_1.10.1/stm32cubeide/plugins/com.st.stm32cube.ide.mcu.externaltools.gnu-tools-for-stm32.10.3-2021.10.win32_1.0.0.202111181127/tools/bin/../lib/gcc/arm-none-eabi/10.3.1/../../../../arm-none-eabi/lib/thumb/v7e-m+fp/hard\libc_nano.a(lib_a-mbtowc_r.o)
                0x000000000800935c                __ascii_mbtowc
 .text.memcpy   0x0000000008009380       0x1c d:/programes/stm32/stm32cubeide_1.10.1/stm32cubeide/plugins/com.st.stm32cube.ide.mcu.externaltools.gnu-tools-for-stm32.10.3-2021.10.win32_1.0.0.202111181127/tools/bin/../lib/gcc/arm-none-eabi/10.3.1/../../../../arm-none-eabi/lib/thumb/v7e-m+fp/hard\libc_nano.a(lib_a-memcpy-stub.o)
                0x0000000008009380                memcpy
 .text._Balloc  0x000000000800939c       0x80 d:/programes/stm32/stm32cubeide_1.10.1/stm32cubeide/plugins/com.st.stm32cube.ide.mcu.externaltools.gnu-tools-for-stm32.10.3-2021.10.win32_1.0.0.202111181127/tools/bin/../lib/gcc/arm-none-eabi/10.3.1/../../../../arm-none-eabi/lib/thumb/v7e-m+fp/hard\libc_nano.a(lib_a-mprec.o)
                0x000000000800939c                _Balloc
 .text._Bfree   0x000000000800941c       0x44 d:/programes/stm32/stm32cubeide_1.10.1/stm32cubeide/plugins/com.st.stm32cube.ide.mcu.externaltools.gnu-tools-for-stm32.10.3-2021.10.win32_1.0.0.202111181127/tools/bin/../lib/gcc/arm-none-eabi/10.3.1/../../../../arm-none-eabi/lib/thumb/v7e-m+fp/hard\libc_nano.a(lib_a-mprec.o)
                0x000000000800941c                _Bfree
 .text.__multadd
                0x0000000008009460       0x8c d:/programes/stm32/stm32cubeide_1.10.1/stm32cubeide/plugins/com.st.stm32cube.ide.mcu.externaltools.gnu-tools-for-stm32.10.3-2021.10.win32_1.0.0.202111181127/tools/bin/../lib/gcc/arm-none-eabi/10.3.1/../../../../arm-none-eabi/lib/thumb/v7e-m+fp/hard\libc_nano.a(lib_a-mprec.o)
                0x0000000008009460                __multadd
 .text.__s2b    0x00000000080094ec       0x94 d:/programes/stm32/stm32cubeide_1.10.1/stm32cubeide/plugins/com.st.stm32cube.ide.mcu.externaltools.gnu-tools-for-stm32.10.3-2021.10.win32_1.0.0.202111181127/tools/bin/../lib/gcc/arm-none-eabi/10.3.1/../../../../arm-none-eabi/lib/thumb/v7e-m+fp/hard\libc_nano.a(lib_a-mprec.o)
                0x00000000080094ec                __s2b
 .text.__hi0bits
                0x0000000008009580       0x40 d:/programes/stm32/stm32cubeide_1.10.1/stm32cubeide/plugins/com.st.stm32cube.ide.mcu.externaltools.gnu-tools-for-stm32.10.3-2021.10.win32_1.0.0.202111181127/tools/bin/../lib/gcc/arm-none-eabi/10.3.1/../../../../arm-none-eabi/lib/thumb/v7e-m+fp/hard\libc_nano.a(lib_a-mprec.o)
                0x0000000008009580                __hi0bits
 .text.__lo0bits
                0x00000000080095c0       0x5e d:/programes/stm32/stm32cubeide_1.10.1/stm32cubeide/plugins/com.st.stm32cube.ide.mcu.externaltools.gnu-tools-for-stm32.10.3-2021.10.win32_1.0.0.202111181127/tools/bin/../lib/gcc/arm-none-eabi/10.3.1/../../../../arm-none-eabi/lib/thumb/v7e-m+fp/hard\libc_nano.a(lib_a-mprec.o)
                0x00000000080095c0                __lo0bits
 *fill*         0x000000000800961e        0x2 
 .text.__i2b    0x0000000008009620       0x2c d:/programes/stm32/stm32cubeide_1.10.1/stm32cubeide/plugins/com.st.stm32cube.ide.mcu.externaltools.gnu-tools-for-stm32.10.3-2021.10.win32_1.0.0.202111181127/tools/bin/../lib/gcc/arm-none-eabi/10.3.1/../../../../arm-none-eabi/lib/thumb/v7e-m+fp/hard\libc_nano.a(lib_a-mprec.o)
                0x0000000008009620                __i2b
 .text.__multiply
                0x000000000800964c      0x154 d:/programes/stm32/stm32cubeide_1.10.1/stm32cubeide/plugins/com.st.stm32cube.ide.mcu.externaltools.gnu-tools-for-stm32.10.3-2021.10.win32_1.0.0.202111181127/tools/bin/../lib/gcc/arm-none-eabi/10.3.1/../../../../arm-none-eabi/lib/thumb/v7e-m+fp/hard\libc_nano.a(lib_a-mprec.o)
                0x000000000800964c                __multiply
 .text.__pow5mult
                0x00000000080097a0       0xb4 d:/programes/stm32/stm32cubeide_1.10.1/stm32cubeide/plugins/com.st.stm32cube.ide.mcu.externaltools.gnu-tools-for-stm32.10.3-2021.10.win32_1.0.0.202111181127/tools/bin/../lib/gcc/arm-none-eabi/10.3.1/../../../../arm-none-eabi/lib/thumb/v7e-m+fp/hard\libc_nano.a(lib_a-mprec.o)
                0x00000000080097a0                __pow5mult
 .text.__lshift
                0x0000000008009854       0xe0 d:/programes/stm32/stm32cubeide_1.10.1/stm32cubeide/plugins/com.st.stm32cube.ide.mcu.externaltools.gnu-tools-for-stm32.10.3-2021.10.win32_1.0.0.202111181127/tools/bin/../lib/gcc/arm-none-eabi/10.3.1/../../../../arm-none-eabi/lib/thumb/v7e-m+fp/hard\libc_nano.a(lib_a-mprec.o)
                0x0000000008009854                __lshift
 .text.__mcmp   0x0000000008009934       0x38 d:/programes/stm32/stm32cubeide_1.10.1/stm32cubeide/plugins/com.st.stm32cube.ide.mcu.externaltools.gnu-tools-for-stm32.10.3-2021.10.win32_1.0.0.202111181127/tools/bin/../lib/gcc/arm-none-eabi/10.3.1/../../../../arm-none-eabi/lib/thumb/v7e-m+fp/hard\libc_nano.a(lib_a-mprec.o)
                0x0000000008009934                __mcmp
 .text.__mdiff  0x000000000800996c      0x114 d:/programes/stm32/stm32cubeide_1.10.1/stm32cubeide/plugins/com.st.stm32cube.ide.mcu.externaltools.gnu-tools-for-stm32.10.3-2021.10.win32_1.0.0.202111181127/tools/bin/../lib/gcc/arm-none-eabi/10.3.1/../../../../arm-none-eabi/lib/thumb/v7e-m+fp/hard\libc_nano.a(lib_a-mprec.o)
                0x000000000800996c                __mdiff
 .text.__ulp    0x0000000008009a80       0x58 d:/programes/stm32/stm32cubeide_1.10.1/stm32cubeide/plugins/com.st.stm32cube.ide.mcu.externaltools.gnu-tools-for-stm32.10.3-2021.10.win32_1.0.0.202111181127/tools/bin/../lib/gcc/arm-none-eabi/10.3.1/../../../../arm-none-eabi/lib/thumb/v7e-m+fp/hard\libc_nano.a(lib_a-mprec.o)
                0x0000000008009a80                __ulp
 .text.__b2d    0x0000000008009ad8       0xa0 d:/programes/stm32/stm32cubeide_1.10.1/stm32cubeide/plugins/com.st.stm32cube.ide.mcu.externaltools.gnu-tools-for-stm32.10.3-2021.10.win32_1.0.0.202111181127/tools/bin/../lib/gcc/arm-none-eabi/10.3.1/../../../../arm-none-eabi/lib/thumb/v7e-m+fp/hard\libc_nano.a(lib_a-mprec.o)
                0x0000000008009ad8                __b2d
 .text.__d2b    0x0000000008009b78       0xb8 d:/programes/stm32/stm32cubeide_1.10.1/stm32cubeide/plugins/com.st.stm32cube.ide.mcu.externaltools.gnu-tools-for-stm32.10.3-2021.10.win32_1.0.0.202111181127/tools/bin/../lib/gcc/arm-none-eabi/10.3.1/../../../../arm-none-eabi/lib/thumb/v7e-m+fp/hard\libc_nano.a(lib_a-mprec.o)
                0x0000000008009b78                __d2b
 .text.__ratio  0x0000000008009c30       0x66 d:/programes/stm32/stm32cubeide_1.10.1/stm32cubeide/plugins/com.st.stm32cube.ide.mcu.externaltools.gnu-tools-for-stm32.10.3-2021.10.win32_1.0.0.202111181127/tools/bin/../lib/gcc/arm-none-eabi/10.3.1/../../../../arm-none-eabi/lib/thumb/v7e-m+fp/hard\libc_nano.a(lib_a-mprec.o)
                0x0000000008009c30                __ratio
 .text.__copybits
                0x0000000008009c96       0x46 d:/programes/stm32/stm32cubeide_1.10.1/stm32cubeide/plugins/com.st.stm32cube.ide.mcu.externaltools.gnu-tools-for-stm32.10.3-2021.10.win32_1.0.0.202111181127/tools/bin/../lib/gcc/arm-none-eabi/10.3.1/../../../../arm-none-eabi/lib/thumb/v7e-m+fp/hard\libc_nano.a(lib_a-mprec.o)
                0x0000000008009c96                __copybits
 .text.__any_on
                0x0000000008009cdc       0x42 d:/programes/stm32/stm32cubeide_1.10.1/stm32cubeide/plugins/com.st.stm32cube.ide.mcu.externaltools.gnu-tools-for-stm32.10.3-2021.10.win32_1.0.0.202111181127/tools/bin/../lib/gcc/arm-none-eabi/10.3.1/../../../../arm-none-eabi/lib/thumb/v7e-m+fp/hard\libc_nano.a(lib_a-mprec.o)
                0x0000000008009cdc                __any_on
 .text._calloc_r
                0x0000000008009d1e       0x2c d:/programes/stm32/stm32cubeide_1.10.1/stm32cubeide/plugins/com.st.stm32cube.ide.mcu.externaltools.gnu-tools-for-stm32.10.3-2021.10.win32_1.0.0.202111181127/tools/bin/../lib/gcc/arm-none-eabi/10.3.1/../../../../arm-none-eabi/lib/thumb/v7e-m+fp/hard\libc_nano.a(lib_a-nano-callocr.o)
                0x0000000008009d1e                _calloc_r
 *fill*         0x0000000008009d4a        0x2 
 .text._free_r  0x0000000008009d4c       0x98 d:/programes/stm32/stm32cubeide_1.10.1/stm32cubeide/plugins/com.st.stm32cube.ide.mcu.externaltools.gnu-tools-for-stm32.10.3-2021.10.win32_1.0.0.202111181127/tools/bin/../lib/gcc/arm-none-eabi/10.3.1/../../../../arm-none-eabi/lib/thumb/v7e-m+fp/hard\libc_nano.a(lib_a-nano-freer.o)
                0x0000000008009d4c                _free_r
 .text.sbrk_aligned
                0x0000000008009de4       0x40 d:/programes/stm32/stm32cubeide_1.10.1/stm32cubeide/plugins/com.st.stm32cube.ide.mcu.externaltools.gnu-tools-for-stm32.10.3-2021.10.win32_1.0.0.202111181127/tools/bin/../lib/gcc/arm-none-eabi/10.3.1/../../../../arm-none-eabi/lib/thumb/v7e-m+fp/hard\libc_nano.a(lib_a-nano-mallocr.o)
 .text._malloc_r
                0x0000000008009e24       0xe8 d:/programes/stm32/stm32cubeide_1.10.1/stm32cubeide/plugins/com.st.stm32cube.ide.mcu.externaltools.gnu-tools-for-stm32.10.3-2021.10.win32_1.0.0.202111181127/tools/bin/../lib/gcc/arm-none-eabi/10.3.1/../../../../arm-none-eabi/lib/thumb/v7e-m+fp/hard\libc_nano.a(lib_a-nano-mallocr.o)
                0x0000000008009e24                _malloc_r
 .text.__ssputs_r
                0x0000000008009f0c       0xb6 d:/programes/stm32/stm32cubeide_1.10.1/stm32cubeide/plugins/com.st.stm32cube.ide.mcu.externaltools.gnu-tools-for-stm32.10.3-2021.10.win32_1.0.0.202111181127/tools/bin/../lib/gcc/arm-none-eabi/10.3.1/../../../../arm-none-eabi/lib/thumb/v7e-m+fp/hard\libc_nano.a(lib_a-nano-svfprintf.o)
                0x0000000008009f0c                __ssputs_r
 *fill*         0x0000000008009fc2        0x2 
 .text._svfprintf_r
                0x0000000008009fc4      0x200 d:/programes/stm32/stm32cubeide_1.10.1/stm32cubeide/plugins/com.st.stm32cube.ide.mcu.externaltools.gnu-tools-for-stm32.10.3-2021.10.win32_1.0.0.202111181127/tools/bin/../lib/gcc/arm-none-eabi/10.3.1/../../../../arm-none-eabi/lib/thumb/v7e-m+fp/hard\libc_nano.a(lib_a-nano-svfprintf.o)
                0x0000000008009fc4                _svfiprintf_r
                0x0000000008009fc4                _svfprintf_r
 *fill*         0x000000000800a1c4        0x4 
 .text.nan      0x000000000800a1c8       0x10 d:/programes/stm32/stm32cubeide_1.10.1/stm32cubeide/plugins/com.st.stm32cube.ide.mcu.externaltools.gnu-tools-for-stm32.10.3-2021.10.win32_1.0.0.202111181127/tools/bin/../lib/gcc/arm-none-eabi/10.3.1/../../../../arm-none-eabi/lib/thumb/v7e-m+fp/hard\libc_nano.a(lib_a-s_nan.o)
                0x000000000800a1c8                nan
 .text._sbrk_r  0x000000000800a1d8       0x20 d:/programes/stm32/stm32cubeide_1.10.1/stm32cubeide/plugins/com.st.stm32cube.ide.mcu.externaltools.gnu-tools-for-stm32.10.3-2021.10.win32_1.0.0.202111181127/tools/bin/../lib/gcc/arm-none-eabi/10.3.1/../../../../arm-none-eabi/lib/thumb/v7e-m+fp/hard\libc_nano.a(lib_a-sbrkr.o)
                0x000000000800a1d8                _sbrk_r
 .text.strncmp  0x000000000800a1f8       0x28 d:/programes/stm32/stm32cubeide_1.10.1/stm32cubeide/plugins/com.st.stm32cube.ide.mcu.externaltools.gnu-tools-for-stm32.10.3-2021.10.win32_1.0.0.202111181127/tools/bin/../lib/gcc/arm-none-eabi/10.3.1/../../../../arm-none-eabi/lib/thumb/v7e-m+fp/hard\libc_nano.a(lib_a-strncmp.o)
                0x000000000800a1f8                strncmp
 .text.__ascii_wctomb
                0x000000000800a220       0x1a d:/programes/stm32/stm32cubeide_1.10.1/stm32cubeide/plugins/com.st.stm32cube.ide.mcu.externaltools.gnu-tools-for-stm32.10.3-2021.10.win32_1.0.0.202111181127/tools/bin/../lib/gcc/arm-none-eabi/10.3.1/../../../../arm-none-eabi/lib/thumb/v7e-m+fp/hard\libc_nano.a(lib_a-wctomb_r.o)
                0x000000000800a220                __ascii_wctomb
 *fill*         0x000000000800a23a        0x2 
 .text.__assert_func
                0x000000000800a23c       0x3c d:/programes/stm32/stm32cubeide_1.10.1/stm32cubeide/plugins/com.st.stm32cube.ide.mcu.externaltools.gnu-tools-for-stm32.10.3-2021.10.win32_1.0.0.202111181127/tools/bin/../lib/gcc/arm-none-eabi/10.3.1/../../../../arm-none-eabi/lib/thumb/v7e-m+fp/hard\libc_nano.a(lib_a-assert.o)
                0x000000000800a23c                __assert_func
 .text.fprintf  0x000000000800a278       0x24 d:/programes/stm32/stm32cubeide_1.10.1/stm32cubeide/plugins/com.st.stm32cube.ide.mcu.externaltools.gnu-tools-for-stm32.10.3-2021.10.win32_1.0.0.202111181127/tools/bin/../lib/gcc/arm-none-eabi/10.3.1/../../../../arm-none-eabi/lib/thumb/v7e-m+fp/hard\libc_nano.a(lib_a-fprintf.o)
                0x000000000800a278                fiprintf
                0x000000000800a278                fprintf
 .text.memmove  0x000000000800a29c       0x34 d:/programes/stm32/stm32cubeide_1.10.1/stm32cubeide/plugins/com.st.stm32cube.ide.mcu.externaltools.gnu-tools-for-stm32.10.3-2021.10.win32_1.0.0.202111181127/tools/bin/../lib/gcc/arm-none-eabi/10.3.1/../../../../arm-none-eabi/lib/thumb/v7e-m+fp/hard\libc_nano.a(lib_a-memmove.o)
                0x000000000800a29c                memmove
 .text.__malloc_lock
                0x000000000800a2d0        0xc d:/programes/stm32/stm32cubeide_1.10.1/stm32cubeide/plugins/com.st.stm32cube.ide.mcu.externaltools.gnu-tools-for-stm32.10.3-2021.10.win32_1.0.0.202111181127/tools/bin/../lib/gcc/arm-none-eabi/10.3.1/../../../../arm-none-eabi/lib/thumb/v7e-m+fp/hard\libc_nano.a(lib_a-mlock.o)
                0x000000000800a2d0                __malloc_lock
 .text.__malloc_unlock
                0x000000000800a2dc        0xc d:/programes/stm32/stm32cubeide_1.10.1/stm32cubeide/plugins/com.st.stm32cube.ide.mcu.externaltools.gnu-tools-for-stm32.10.3-2021.10.win32_1.0.0.202111181127/tools/bin/../lib/gcc/arm-none-eabi/10.3.1/../../../../arm-none-eabi/lib/thumb/v7e-m+fp/hard\libc_nano.a(lib_a-mlock.o)
                0x000000000800a2dc                __malloc_unlock
 .text._realloc_r
                0x000000000800a2e8       0x5e d:/programes/stm32/stm32cubeide_1.10.1/stm32cubeide/plugins/com.st.stm32cube.ide.mcu.externaltools.gnu-tools-for-stm32.10.3-2021.10.win32_1.0.0.202111181127/tools/bin/../lib/gcc/arm-none-eabi/10.3.1/../../../../arm-none-eabi/lib/thumb/v7e-m+fp/hard\libc_nano.a(lib_a-nano-reallocr.o)
                0x000000000800a2e8                _realloc_r
 .text.__sfputc_r
                0x000000000800a346       0x2e d:/programes/stm32/stm32cubeide_1.10.1/stm32cubeide/plugins/com.st.stm32cube.ide.mcu.externaltools.gnu-tools-for-stm32.10.3-2021.10.win32_1.0.0.202111181127/tools/bin/../lib/gcc/arm-none-eabi/10.3.1/../../../../arm-none-eabi/lib/thumb/v7e-m+fp/hard\libc_nano.a(lib_a-nano-vfprintf.o)
 .text.__sfputs_r
                0x000000000800a374       0x24 d:/programes/stm32/stm32cubeide_1.10.1/stm32cubeide/plugins/com.st.stm32cube.ide.mcu.externaltools.gnu-tools-for-stm32.10.3-2021.10.win32_1.0.0.202111181127/tools/bin/../lib/gcc/arm-none-eabi/10.3.1/../../../../arm-none-eabi/lib/thumb/v7e-m+fp/hard\libc_nano.a(lib_a-nano-vfprintf.o)
                0x000000000800a374                __sfputs_r
 .text._vfprintf_r
                0x000000000800a398      0x260 d:/programes/stm32/stm32cubeide_1.10.1/stm32cubeide/plugins/com.st.stm32cube.ide.mcu.externaltools.gnu-tools-for-stm32.10.3-2021.10.win32_1.0.0.202111181127/tools/bin/../lib/gcc/arm-none-eabi/10.3.1/../../../../arm-none-eabi/lib/thumb/v7e-m+fp/hard\libc_nano.a(lib_a-nano-vfprintf.o)
                0x000000000800a398                _vfprintf_r
                0x000000000800a398                _vfiprintf_r
 .text.__swbuf_r
                0x000000000800a5f8       0xa4 d:/programes/stm32/stm32cubeide_1.10.1/stm32cubeide/plugins/com.st.stm32cube.ide.mcu.externaltools.gnu-tools-for-stm32.10.3-2021.10.win32_1.0.0.202111181127/tools/bin/../lib/gcc/arm-none-eabi/10.3.1/../../../../arm-none-eabi/lib/thumb/v7e-m+fp/hard\libc_nano.a(lib_a-wbuf.o)
                0x000000000800a5f8                __swbuf_r
 .text.__swsetup_r
                0x000000000800a69c       0xdc d:/programes/stm32/stm32cubeide_1.10.1/stm32cubeide/plugins/com.st.stm32cube.ide.mcu.externaltools.gnu-tools-for-stm32.10.3-2021.10.win32_1.0.0.202111181127/tools/bin/../lib/gcc/arm-none-eabi/10.3.1/../../../../arm-none-eabi/lib/thumb/v7e-m+fp/hard\libc_nano.a(lib_a-wsetup.o)
                0x000000000800a69c                __swsetup_r
 .text.abort    0x000000000800a778        0xe d:/programes/stm32/stm32cubeide_1.10.1/stm32cubeide/plugins/com.st.stm32cube.ide.mcu.externaltools.gnu-tools-for-stm32.10.3-2021.10.win32_1.0.0.202111181127/tools/bin/../lib/gcc/arm-none-eabi/10.3.1/../../../../arm-none-eabi/lib/thumb/v7e-m+fp/hard\libc_nano.a(lib_a-abort.o)
                0x000000000800a778                abort
 *fill*         0x000000000800a786        0x2 
 .text.__sflush_r
                0x000000000800a788      0x10c d:/programes/stm32/stm32cubeide_1.10.1/stm32cubeide/plugins/com.st.stm32cube.ide.mcu.externaltools.gnu-tools-for-stm32.10.3-2021.10.win32_1.0.0.202111181127/tools/bin/../lib/gcc/arm-none-eabi/10.3.1/../../../../arm-none-eabi/lib/thumb/v7e-m+fp/hard\libc_nano.a(lib_a-fflush.o)
                0x000000000800a788                __sflush_r
 .text._fflush_r
                0x000000000800a894       0x78 d:/programes/stm32/stm32cubeide_1.10.1/stm32cubeide/plugins/com.st.stm32cube.ide.mcu.externaltools.gnu-tools-for-stm32.10.3-2021.10.win32_1.0.0.202111181127/tools/bin/../lib/gcc/arm-none-eabi/10.3.1/../../../../arm-none-eabi/lib/thumb/v7e-m+fp/hard\libc_nano.a(lib_a-fflush.o)
                0x000000000800a894                _fflush_r
 .text.std      0x000000000800a90c       0x48 d:/programes/stm32/stm32cubeide_1.10.1/stm32cubeide/plugins/com.st.stm32cube.ide.mcu.externaltools.gnu-tools-for-stm32.10.3-2021.10.win32_1.0.0.202111181127/tools/bin/../lib/gcc/arm-none-eabi/10.3.1/../../../../arm-none-eabi/lib/thumb/v7e-m+fp/hard\libc_nano.a(lib_a-findfp.o)
 .text._cleanup_r
                0x000000000800a954        0xc d:/programes/stm32/stm32cubeide_1.10.1/stm32cubeide/plugins/com.st.stm32cube.ide.mcu.externaltools.gnu-tools-for-stm32.10.3-2021.10.win32_1.0.0.202111181127/tools/bin/../lib/gcc/arm-none-eabi/10.3.1/../../../../arm-none-eabi/lib/thumb/v7e-m+fp/hard\libc_nano.a(lib_a-findfp.o)
                0x000000000800a954                _cleanup_r
 .text.__sfmoreglue
                0x000000000800a960       0x2c d:/programes/stm32/stm32cubeide_1.10.1/stm32cubeide/plugins/com.st.stm32cube.ide.mcu.externaltools.gnu-tools-for-stm32.10.3-2021.10.win32_1.0.0.202111181127/tools/bin/../lib/gcc/arm-none-eabi/10.3.1/../../../../arm-none-eabi/lib/thumb/v7e-m+fp/hard\libc_nano.a(lib_a-findfp.o)
                0x000000000800a960                __sfmoreglue
 .text.__sfp_lock_acquire
                0x000000000800a98c        0xc d:/programes/stm32/stm32cubeide_1.10.1/stm32cubeide/plugins/com.st.stm32cube.ide.mcu.externaltools.gnu-tools-for-stm32.10.3-2021.10.win32_1.0.0.202111181127/tools/bin/../lib/gcc/arm-none-eabi/10.3.1/../../../../arm-none-eabi/lib/thumb/v7e-m+fp/hard\libc_nano.a(lib_a-findfp.o)
                0x000000000800a98c                __sfp_lock_acquire
 .text.__sfp_lock_release
                0x000000000800a998        0xc d:/programes/stm32/stm32cubeide_1.10.1/stm32cubeide/plugins/com.st.stm32cube.ide.mcu.externaltools.gnu-tools-for-stm32.10.3-2021.10.win32_1.0.0.202111181127/tools/bin/../lib/gcc/arm-none-eabi/10.3.1/../../../../arm-none-eabi/lib/thumb/v7e-m+fp/hard\libc_nano.a(lib_a-findfp.o)
                0x000000000800a998                __sfp_lock_release
 .text.__sinit_lock_acquire
                0x000000000800a9a4        0xc d:/programes/stm32/stm32cubeide_1.10.1/stm32cubeide/plugins/com.st.stm32cube.ide.mcu.externaltools.gnu-tools-for-stm32.10.3-2021.10.win32_1.0.0.202111181127/tools/bin/../lib/gcc/arm-none-eabi/10.3.1/../../../../arm-none-eabi/lib/thumb/v7e-m+fp/hard\libc_nano.a(lib_a-findfp.o)
                0x000000000800a9a4                __sinit_lock_acquire
 .text.__sinit_lock_release
                0x000000000800a9b0        0xc d:/programes/stm32/stm32cubeide_1.10.1/stm32cubeide/plugins/com.st.stm32cube.ide.mcu.externaltools.gnu-tools-for-stm32.10.3-2021.10.win32_1.0.0.202111181127/tools/bin/../lib/gcc/arm-none-eabi/10.3.1/../../../../arm-none-eabi/lib/thumb/v7e-m+fp/hard\libc_nano.a(lib_a-findfp.o)
                0x000000000800a9b0                __sinit_lock_release
 .text.__sinit  0x000000000800a9bc       0x70 d:/programes/stm32/stm32cubeide_1.10.1/stm32cubeide/plugins/com.st.stm32cube.ide.mcu.externaltools.gnu-tools-for-stm32.10.3-2021.10.win32_1.0.0.202111181127/tools/bin/../lib/gcc/arm-none-eabi/10.3.1/../../../../arm-none-eabi/lib/thumb/v7e-m+fp/hard\libc_nano.a(lib_a-findfp.o)
                0x000000000800a9bc                __sinit
 .text.__sfp    0x000000000800aa2c       0x8c d:/programes/stm32/stm32cubeide_1.10.1/stm32cubeide/plugins/com.st.stm32cube.ide.mcu.externaltools.gnu-tools-for-stm32.10.3-2021.10.win32_1.0.0.202111181127/tools/bin/../lib/gcc/arm-none-eabi/10.3.1/../../../../arm-none-eabi/lib/thumb/v7e-m+fp/hard\libc_nano.a(lib_a-findfp.o)
                0x000000000800aa2c                __sfp
 .text._fwalk_reent
                0x000000000800aab8       0x3e d:/programes/stm32/stm32cubeide_1.10.1/stm32cubeide/plugins/com.st.stm32cube.ide.mcu.externaltools.gnu-tools-for-stm32.10.3-2021.10.win32_1.0.0.202111181127/tools/bin/../lib/gcc/arm-none-eabi/10.3.1/../../../../arm-none-eabi/lib/thumb/v7e-m+fp/hard\libc_nano.a(lib_a-fwalk.o)
                0x000000000800aab8                _fwalk_reent
 .text.__retarget_lock_init_recursive
                0x000000000800aaf6        0x2 d:/programes/stm32/stm32cubeide_1.10.1/stm32cubeide/plugins/com.st.stm32cube.ide.mcu.externaltools.gnu-tools-for-stm32.10.3-2021.10.win32_1.0.0.202111181127/tools/bin/../lib/gcc/arm-none-eabi/10.3.1/../../../../arm-none-eabi/lib/thumb/v7e-m+fp/hard\libc_nano.a(lib_a-lock.o)
                0x000000000800aaf6                __retarget_lock_init_recursive
 .text.__retarget_lock_acquire_recursive
                0x000000000800aaf8        0x2 d:/programes/stm32/stm32cubeide_1.10.1/stm32cubeide/plugins/com.st.stm32cube.ide.mcu.externaltools.gnu-tools-for-stm32.10.3-2021.10.win32_1.0.0.202111181127/tools/bin/../lib/gcc/arm-none-eabi/10.3.1/../../../../arm-none-eabi/lib/thumb/v7e-m+fp/hard\libc_nano.a(lib_a-lock.o)
                0x000000000800aaf8                __retarget_lock_acquire_recursive
 .text.__retarget_lock_release_recursive
                0x000000000800aafa        0x2 d:/programes/stm32/stm32cubeide_1.10.1/stm32cubeide/plugins/com.st.stm32cube.ide.mcu.externaltools.gnu-tools-for-stm32.10.3-2021.10.win32_1.0.0.202111181127/tools/bin/../lib/gcc/arm-none-eabi/10.3.1/../../../../arm-none-eabi/lib/thumb/v7e-m+fp/hard\libc_nano.a(lib_a-lock.o)
                0x000000000800aafa                __retarget_lock_release_recursive
 .text.__swhatbuf_r
                0x000000000800aafc       0x4a d:/programes/stm32/stm32cubeide_1.10.1/stm32cubeide/plugins/com.st.stm32cube.ide.mcu.externaltools.gnu-tools-for-stm32.10.3-2021.10.win32_1.0.0.202111181127/tools/bin/../lib/gcc/arm-none-eabi/10.3.1/../../../../arm-none-eabi/lib/thumb/v7e-m+fp/hard\libc_nano.a(lib_a-makebuf.o)
                0x000000000800aafc                __swhatbuf_r
 *fill*         0x000000000800ab46        0x2 
 .text.__smakebuf_r
                0x000000000800ab48       0x80 d:/programes/stm32/stm32cubeide_1.10.1/stm32cubeide/plugins/com.st.stm32cube.ide.mcu.externaltools.gnu-tools-for-stm32.10.3-2021.10.win32_1.0.0.202111181127/tools/bin/../lib/gcc/arm-none-eabi/10.3.1/../../../../arm-none-eabi/lib/thumb/v7e-m+fp/hard\libc_nano.a(lib_a-makebuf.o)
                0x000000000800ab48                __smakebuf_r
 .text._malloc_usable_size_r
                0x000000000800abc8       0x10 d:/programes/stm32/stm32cubeide_1.10.1/stm32cubeide/plugins/com.st.stm32cube.ide.mcu.externaltools.gnu-tools-for-stm32.10.3-2021.10.win32_1.0.0.202111181127/tools/bin/../lib/gcc/arm-none-eabi/10.3.1/../../../../arm-none-eabi/lib/thumb/v7e-m+fp/hard\libc_nano.a(lib_a-nano-msizer.o)
                0x000000000800abc8                _malloc_usable_size_r
 .text._raise_r
                0x000000000800abd8       0x50 d:/programes/stm32/stm32cubeide_1.10.1/stm32cubeide/plugins/com.st.stm32cube.ide.mcu.externaltools.gnu-tools-for-stm32.10.3-2021.10.win32_1.0.0.202111181127/tools/bin/../lib/gcc/arm-none-eabi/10.3.1/../../../../arm-none-eabi/lib/thumb/v7e-m+fp/hard\libc_nano.a(lib_a-signal.o)
                0x000000000800abd8                _raise_r
 .text.raise    0x000000000800ac28       0x10 d:/programes/stm32/stm32cubeide_1.10.1/stm32cubeide/plugins/com.st.stm32cube.ide.mcu.externaltools.gnu-tools-for-stm32.10.3-2021.10.win32_1.0.0.202111181127/tools/bin/../lib/gcc/arm-none-eabi/10.3.1/../../../../arm-none-eabi/lib/thumb/v7e-m+fp/hard\libc_nano.a(lib_a-signal.o)
                0x000000000800ac28                raise
 .text._kill_r  0x000000000800ac38       0x24 d:/programes/stm32/stm32cubeide_1.10.1/stm32cubeide/plugins/com.st.stm32cube.ide.mcu.externaltools.gnu-tools-for-stm32.10.3-2021.10.win32_1.0.0.202111181127/tools/bin/../lib/gcc/arm-none-eabi/10.3.1/../../../../arm-none-eabi/lib/thumb/v7e-m+fp/hard\libc_nano.a(lib_a-signalr.o)
                0x000000000800ac38                _kill_r
 .text._getpid_r
                0x000000000800ac5c        0x4 d:/programes/stm32/stm32cubeide_1.10.1/stm32cubeide/plugins/com.st.stm32cube.ide.mcu.externaltools.gnu-tools-for-stm32.10.3-2021.10.win32_1.0.0.202111181127/tools/bin/../lib/gcc/arm-none-eabi/10.3.1/../../../../arm-none-eabi/lib/thumb/v7e-m+fp/hard\libc_nano.a(lib_a-signalr.o)
                0x000000000800ac5c                _getpid_r
 .text.__sread  0x000000000800ac60       0x22 d:/programes/stm32/stm32cubeide_1.10.1/stm32cubeide/plugins/com.st.stm32cube.ide.mcu.externaltools.gnu-tools-for-stm32.10.3-2021.10.win32_1.0.0.202111181127/tools/bin/../lib/gcc/arm-none-eabi/10.3.1/../../../../arm-none-eabi/lib/thumb/v7e-m+fp/hard\libc_nano.a(lib_a-stdio.o)
                0x000000000800ac60                __sread
 .text.__swrite
                0x000000000800ac82       0x38 d:/programes/stm32/stm32cubeide_1.10.1/stm32cubeide/plugins/com.st.stm32cube.ide.mcu.externaltools.gnu-tools-for-stm32.10.3-2021.10.win32_1.0.0.202111181127/tools/bin/../lib/gcc/arm-none-eabi/10.3.1/../../../../arm-none-eabi/lib/thumb/v7e-m+fp/hard\libc_nano.a(lib_a-stdio.o)
                0x000000000800ac82                __swrite
 .text.__sseek  0x000000000800acba       0x24 d:/programes/stm32/stm32cubeide_1.10.1/stm32cubeide/plugins/com.st.stm32cube.ide.mcu.externaltools.gnu-tools-for-stm32.10.3-2021.10.win32_1.0.0.202111181127/tools/bin/../lib/gcc/arm-none-eabi/10.3.1/../../../../arm-none-eabi/lib/thumb/v7e-m+fp/hard\libc_nano.a(lib_a-stdio.o)
                0x000000000800acba                __sseek
 .text.__sclose
                0x000000000800acde        0x8 d:/programes/stm32/stm32cubeide_1.10.1/stm32cubeide/plugins/com.st.stm32cube.ide.mcu.externaltools.gnu-tools-for-stm32.10.3-2021.10.win32_1.0.0.202111181127/tools/bin/../lib/gcc/arm-none-eabi/10.3.1/../../../../arm-none-eabi/lib/thumb/v7e-m+fp/hard\libc_nano.a(lib_a-stdio.o)
                0x000000000800acde                __sclose
 *fill*         0x000000000800ace6        0x2 
 .text._write_r
                0x000000000800ace8       0x24 d:/programes/stm32/stm32cubeide_1.10.1/stm32cubeide/plugins/com.st.stm32cube.ide.mcu.externaltools.gnu-tools-for-stm32.10.3-2021.10.win32_1.0.0.202111181127/tools/bin/../lib/gcc/arm-none-eabi/10.3.1/../../../../arm-none-eabi/lib/thumb/v7e-m+fp/hard\libc_nano.a(lib_a-writer.o)
                0x000000000800ace8                _write_r
 .text._close_r
                0x000000000800ad0c       0x20 d:/programes/stm32/stm32cubeide_1.10.1/stm32cubeide/plugins/com.st.stm32cube.ide.mcu.externaltools.gnu-tools-for-stm32.10.3-2021.10.win32_1.0.0.202111181127/tools/bin/../lib/gcc/arm-none-eabi/10.3.1/../../../../arm-none-eabi/lib/thumb/v7e-m+fp/hard\libc_nano.a(lib_a-closer.o)
                0x000000000800ad0c                _close_r
 .text._fstat_r
                0x000000000800ad2c       0x24 d:/programes/stm32/stm32cubeide_1.10.1/stm32cubeide/plugins/com.st.stm32cube.ide.mcu.externaltools.gnu-tools-for-stm32.10.3-2021.10.win32_1.0.0.202111181127/tools/bin/../lib/gcc/arm-none-eabi/10.3.1/../../../../arm-none-eabi/lib/thumb/v7e-m+fp/hard\libc_nano.a(lib_a-fstatr.o)
                0x000000000800ad2c                _fstat_r
 .text._isatty_r
                0x000000000800ad50       0x20 d:/programes/stm32/stm32cubeide_1.10.1/stm32cubeide/plugins/com.st.stm32cube.ide.mcu.externaltools.gnu-tools-for-stm32.10.3-2021.10.win32_1.0.0.202111181127/tools/bin/../lib/gcc/arm-none-eabi/10.3.1/../../../../arm-none-eabi/lib/thumb/v7e-m+fp/hard\libc_nano.a(lib_a-isattyr.o)
                0x000000000800ad50                _isatty_r
 .text._lseek_r
                0x000000000800ad70       0x24 d:/programes/stm32/stm32cubeide_1.10.1/stm32cubeide/plugins/com.st.stm32cube.ide.mcu.externaltools.gnu-tools-for-stm32.10.3-2021.10.win32_1.0.0.202111181127/tools/bin/../lib/gcc/arm-none-eabi/10.3.1/../../../../arm-none-eabi/lib/thumb/v7e-m+fp/hard\libc_nano.a(lib_a-lseekr.o)
                0x000000000800ad70                _lseek_r
 .text._read_r  0x000000000800ad94       0x24 d:/programes/stm32/stm32cubeide_1.10.1/stm32cubeide/plugins/com.st.stm32cube.ide.mcu.externaltools.gnu-tools-for-stm32.10.3-2021.10.win32_1.0.0.202111181127/tools/bin/../lib/gcc/arm-none-eabi/10.3.1/../../../../arm-none-eabi/lib/thumb/v7e-m+fp/hard\libc_nano.a(lib_a-readr.o)
                0x000000000800ad94                _read_r
 *(.glue_7)
 .glue_7        0x000000000800adb8        0x0 linker stubs
 *(.glue_7t)
 .glue_7t       0x000000000800adb8        0x0 linker stubs
 *(.eh_frame)
 .eh_frame      0x000000000800adb8        0x0 d:/programes/stm32/stm32cubeide_1.10.1/stm32cubeide/plugins/com.st.stm32cube.ide.mcu.externaltools.gnu-tools-for-stm32.10.3-2021.10.win32_1.0.0.202111181127/tools/bin/../lib/gcc/arm-none-eabi/10.3.1/thumb/v7e-m+fp/hard/crtbegin.o
 *(.init)
 .init          0x000000000800adb8        0x4 d:/programes/stm32/stm32cubeide_1.10.1/stm32cubeide/plugins/com.st.stm32cube.ide.mcu.externaltools.gnu-tools-for-stm32.10.3-2021.10.win32_1.0.0.202111181127/tools/bin/../lib/gcc/arm-none-eabi/10.3.1/thumb/v7e-m+fp/hard/crti.o
                0x000000000800adb8                _init
 .init          0x000000000800adbc        0x8 d:/programes/stm32/stm32cubeide_1.10.1/stm32cubeide/plugins/com.st.stm32cube.ide.mcu.externaltools.gnu-tools-for-stm32.10.3-2021.10.win32_1.0.0.202111181127/tools/bin/../lib/gcc/arm-none-eabi/10.3.1/thumb/v7e-m+fp/hard/crtn.o
 *(.fini)
 .fini          0x000000000800adc4        0x4 d:/programes/stm32/stm32cubeide_1.10.1/stm32cubeide/plugins/com.st.stm32cube.ide.mcu.externaltools.gnu-tools-for-stm32.10.3-2021.10.win32_1.0.0.202111181127/tools/bin/../lib/gcc/arm-none-eabi/10.3.1/thumb/v7e-m+fp/hard/crti.o
                0x000000000800adc4                _fini
 .fini          0x000000000800adc8        0x8 d:/programes/stm32/stm32cubeide_1.10.1/stm32cubeide/plugins/com.st.stm32cube.ide.mcu.externaltools.gnu-tools-for-stm32.10.3-2021.10.win32_1.0.0.202111181127/tools/bin/../lib/gcc/arm-none-eabi/10.3.1/thumb/v7e-m+fp/hard/crtn.o
                0x000000000800add0                . = ALIGN (0x4)
                0x000000000800add0                _etext = .

.vfp11_veneer   0x000000000800add0        0x0
 .vfp11_veneer  0x000000000800add0        0x0 linker stubs

.v4_bx          0x000000000800add0        0x0
 .v4_bx         0x000000000800add0        0x0 linker stubs

.iplt           0x000000000800add0        0x0
 .iplt          0x000000000800add0        0x0 d:/programes/stm32/stm32cubeide_1.10.1/stm32cubeide/plugins/com.st.stm32cube.ide.mcu.externaltools.gnu-tools-for-stm32.10.3-2021.10.win32_1.0.0.202111181127/tools/bin/../lib/gcc/arm-none-eabi/10.3.1/thumb/v7e-m+fp/hard/crtbegin.o

.rodata         0x000000000800add0      0x4ec
                0x000000000800add0                . = ALIGN (0x4)
 *(.rodata)
 .rodata        0x000000000800add0       0x2d ./Core/Src/main.o
 *(.rodata*)
 *fill*         0x000000000800adfd        0x3 
 .rodata.AHBPrescTable
                0x000000000800ae00       0x10 ./Core/Src/system_stm32f4xx.o
                0x000000000800ae00                AHBPrescTable
 .rodata.APBPrescTable
                0x000000000800ae10        0x8 ./Core/Src/system_stm32f4xx.o
                0x000000000800ae10                APBPrescTable
 .rodata._global_impure_ptr
                0x000000000800ae18        0x4 d:/programes/stm32/stm32cubeide_1.10.1/stm32cubeide/plugins/com.st.stm32cube.ide.mcu.externaltools.gnu-tools-for-stm32.10.3-2021.10.win32_1.0.0.202111181127/tools/bin/../lib/gcc/arm-none-eabi/10.3.1/../../../../arm-none-eabi/lib/thumb/v7e-m+fp/hard\libc_nano.a(lib_a-impure.o)
                0x000000000800ae18                _global_impure_ptr
 .rodata._printf_float.str1.1
                0x000000000800ae1c       0x12 d:/programes/stm32/stm32cubeide_1.10.1/stm32cubeide/plugins/com.st.stm32cube.ide.mcu.externaltools.gnu-tools-for-stm32.10.3-2021.10.win32_1.0.0.202111181127/tools/bin/../lib/gcc/arm-none-eabi/10.3.1/../../../../arm-none-eabi/lib/thumb/v7e-m+fp/hard\libc_nano.a(lib_a-nano-vfprintf_float.o)
 .rodata._printf_i.str1.1
                0x000000000800ae2e       0x22 d:/programes/stm32/stm32cubeide_1.10.1/stm32cubeide/plugins/com.st.stm32cube.ide.mcu.externaltools.gnu-tools-for-stm32.10.3-2021.10.win32_1.0.0.202111181127/tools/bin/../lib/gcc/arm-none-eabi/10.3.1/../../../../arm-none-eabi/lib/thumb/v7e-m+fp/hard\libc_nano.a(lib_a-nano-vfprintf_i.o)
 .rodata._scanf_float.str1.1
                0x000000000800ae50        0x5 d:/programes/stm32/stm32cubeide_1.10.1/stm32cubeide/plugins/com.st.stm32cube.ide.mcu.externaltools.gnu-tools-for-stm32.10.3-2021.10.win32_1.0.0.202111181127/tools/bin/../lib/gcc/arm-none-eabi/10.3.1/../../../../arm-none-eabi/lib/thumb/v7e-m+fp/hard\libc_nano.a(lib_a-nano-vfscanf_float.o)
                                          0x6 (size before relaxing)
 .rodata._strtod_l.str1.1
                0x000000000800ae55        0x5 d:/programes/stm32/stm32cubeide_1.10.1/stm32cubeide/plugins/com.st.stm32cube.ide.mcu.externaltools.gnu-tools-for-stm32.10.3-2021.10.win32_1.0.0.202111181127/tools/bin/../lib/gcc/arm-none-eabi/10.3.1/../../../../arm-none-eabi/lib/thumb/v7e-m+fp/hard\libc_nano.a(lib_a-strtod.o)
                                          0xd (size before relaxing)
 *fill*         0x000000000800ae55        0x3 
 .rodata.fpi.1  0x000000000800ae58       0x14 d:/programes/stm32/stm32cubeide_1.10.1/stm32cubeide/plugins/com.st.stm32cube.ide.mcu.externaltools.gnu-tools-for-stm32.10.3-2021.10.win32_1.0.0.202111181127/tools/bin/../lib/gcc/arm-none-eabi/10.3.1/../../../../arm-none-eabi/lib/thumb/v7e-m+fp/hard\libc_nano.a(lib_a-strtod.o)
 .rodata.fpinan.0
                0x000000000800ae6c       0x14 d:/programes/stm32/stm32cubeide_1.10.1/stm32cubeide/plugins/com.st.stm32cube.ide.mcu.externaltools.gnu-tools-for-stm32.10.3-2021.10.win32_1.0.0.202111181127/tools/bin/../lib/gcc/arm-none-eabi/10.3.1/../../../../arm-none-eabi/lib/thumb/v7e-m+fp/hard\libc_nano.a(lib_a-strtod.o)
 .rodata.tinytens
                0x000000000800ae80       0x28 d:/programes/stm32/stm32cubeide_1.10.1/stm32cubeide/plugins/com.st.stm32cube.ide.mcu.externaltools.gnu-tools-for-stm32.10.3-2021.10.win32_1.0.0.202111181127/tools/bin/../lib/gcc/arm-none-eabi/10.3.1/../../../../arm-none-eabi/lib/thumb/v7e-m+fp/hard\libc_nano.a(lib_a-strtod.o)
 .rodata._ctype_
                0x000000000800aea8      0x101 d:/programes/stm32/stm32cubeide_1.10.1/stm32cubeide/plugins/com.st.stm32cube.ide.mcu.externaltools.gnu-tools-for-stm32.10.3-2021.10.win32_1.0.0.202111181127/tools/bin/../lib/gcc/arm-none-eabi/10.3.1/../../../../arm-none-eabi/lib/thumb/v7e-m+fp/hard\libc_nano.a(lib_a-ctype_.o)
                0x000000000800aea8                _ctype_
 .rodata._dtoa_r.str1.1
                0x000000000800afa9       0x90 d:/programes/stm32/stm32cubeide_1.10.1/stm32cubeide/plugins/com.st.stm32cube.ide.mcu.externaltools.gnu-tools-for-stm32.10.3-2021.10.win32_1.0.0.202111181127/tools/bin/../lib/gcc/arm-none-eabi/10.3.1/../../../../arm-none-eabi/lib/thumb/v7e-m+fp/hard\libc_nano.a(lib_a-dtoa.o)
                                         0x92 (size before relaxing)
 .rodata.__gethex.str1.1
                0x000000000800b039       0x63 d:/programes/stm32/stm32cubeide_1.10.1/stm32cubeide/plugins/com.st.stm32cube.ide.mcu.externaltools.gnu-tools-for-stm32.10.3-2021.10.win32_1.0.0.202111181127/tools/bin/../lib/gcc/arm-none-eabi/10.3.1/../../../../arm-none-eabi/lib/thumb/v7e-m+fp/hard\libc_nano.a(lib_a-gdtoa-gethex.o)
                                         0x74 (size before relaxing)
 .rodata.str1.1
                0x000000000800b09c        0x2 d:/programes/stm32/stm32cubeide_1.10.1/stm32cubeide/plugins/com.st.stm32cube.ide.mcu.externaltools.gnu-tools-for-stm32.10.3-2021.10.win32_1.0.0.202111181127/tools/bin/../lib/gcc/arm-none-eabi/10.3.1/../../../../arm-none-eabi/lib/thumb/v7e-m+fp/hard\libc_nano.a(lib_a-lnumeric.o)
                                          0x3 (size before relaxing)
 *fill*         0x000000000800b09e        0x2 
 .rodata._C_numeric_locale
                0x000000000800b0a0        0xc d:/programes/stm32/stm32cubeide_1.10.1/stm32cubeide/plugins/com.st.stm32cube.ide.mcu.externaltools.gnu-tools-for-stm32.10.3-2021.10.win32_1.0.0.202111181127/tools/bin/../lib/gcc/arm-none-eabi/10.3.1/../../../../arm-none-eabi/lib/thumb/v7e-m+fp/hard\libc_nano.a(lib_a-lnumeric.o)
                0x000000000800b0a0                _C_numeric_locale
 .rodata._setlocale_r.str1.1
                0x000000000800b0ac        0x8 d:/programes/stm32/stm32cubeide_1.10.1/stm32cubeide/plugins/com.st.stm32cube.ide.mcu.externaltools.gnu-tools-for-stm32.10.3-2021.10.win32_1.0.0.202111181127/tools/bin/../lib/gcc/arm-none-eabi/10.3.1/../../../../arm-none-eabi/lib/thumb/v7e-m+fp/hard\libc_nano.a(lib_a-locale.o)
                                          0x9 (size before relaxing)
 .rodata.str1.1
                0x000000000800b0b4        0x2 d:/programes/stm32/stm32cubeide_1.10.1/stm32cubeide/plugins/com.st.stm32cube.ide.mcu.externaltools.gnu-tools-for-stm32.10.3-2021.10.win32_1.0.0.202111181127/tools/bin/../lib/gcc/arm-none-eabi/10.3.1/../../../../arm-none-eabi/lib/thumb/v7e-m+fp/hard\libc_nano.a(lib_a-locale.o)
 .rodata._Balloc.str1.1
                0x000000000800b0b4       0x5c d:/programes/stm32/stm32cubeide_1.10.1/stm32cubeide/plugins/com.st.stm32cube.ide.mcu.externaltools.gnu-tools-for-stm32.10.3-2021.10.win32_1.0.0.202111181127/tools/bin/../lib/gcc/arm-none-eabi/10.3.1/../../../../arm-none-eabi/lib/thumb/v7e-m+fp/hard\libc_nano.a(lib_a-mprec.o)
                                         0x73 (size before relaxing)
 .rodata.__multadd.str1.1
                0x000000000800b110       0x11 d:/programes/stm32/stm32cubeide_1.10.1/stm32cubeide/plugins/com.st.stm32cube.ide.mcu.externaltools.gnu-tools-for-stm32.10.3-2021.10.win32_1.0.0.202111181127/tools/bin/../lib/gcc/arm-none-eabi/10.3.1/../../../../arm-none-eabi/lib/thumb/v7e-m+fp/hard\libc_nano.a(lib_a-mprec.o)
 .rodata.__mprec_bigtens
                0x000000000800b110       0x28 d:/programes/stm32/stm32cubeide_1.10.1/stm32cubeide/plugins/com.st.stm32cube.ide.mcu.externaltools.gnu-tools-for-stm32.10.3-2021.10.win32_1.0.0.202111181127/tools/bin/../lib/gcc/arm-none-eabi/10.3.1/../../../../arm-none-eabi/lib/thumb/v7e-m+fp/hard\libc_nano.a(lib_a-mprec.o)
                0x000000000800b110                __mprec_bigtens
 .rodata.__mprec_tens
                0x000000000800b138       0xc8 d:/programes/stm32/stm32cubeide_1.10.1/stm32cubeide/plugins/com.st.stm32cube.ide.mcu.externaltools.gnu-tools-for-stm32.10.3-2021.10.win32_1.0.0.202111181127/tools/bin/../lib/gcc/arm-none-eabi/10.3.1/../../../../arm-none-eabi/lib/thumb/v7e-m+fp/hard\libc_nano.a(lib_a-mprec.o)
                0x000000000800b138                __mprec_tens
 .rodata.p05.0  0x000000000800b200        0xc d:/programes/stm32/stm32cubeide_1.10.1/stm32cubeide/plugins/com.st.stm32cube.ide.mcu.externaltools.gnu-tools-for-stm32.10.3-2021.10.win32_1.0.0.202111181127/tools/bin/../lib/gcc/arm-none-eabi/10.3.1/../../../../arm-none-eabi/lib/thumb/v7e-m+fp/hard\libc_nano.a(lib_a-mprec.o)
 .rodata._svfprintf_r.str1.1
                0x000000000800b20c       0x11 d:/programes/stm32/stm32cubeide_1.10.1/stm32cubeide/plugins/com.st.stm32cube.ide.mcu.externaltools.gnu-tools-for-stm32.10.3-2021.10.win32_1.0.0.202111181127/tools/bin/../lib/gcc/arm-none-eabi/10.3.1/../../../../arm-none-eabi/lib/thumb/v7e-m+fp/hard\libc_nano.a(lib_a-nano-svfprintf.o)
 .rodata.__assert_func.str1.1
                0x000000000800b21d       0x3c d:/programes/stm32/stm32cubeide_1.10.1/stm32cubeide/plugins/com.st.stm32cube.ide.mcu.externaltools.gnu-tools-for-stm32.10.3-2021.10.win32_1.0.0.202111181127/tools/bin/../lib/gcc/arm-none-eabi/10.3.1/../../../../arm-none-eabi/lib/thumb/v7e-m+fp/hard\libc_nano.a(lib_a-assert.o)
                                         0x3d (size before relaxing)
 .rodata._vfprintf_r.str1.1
                0x000000000800b259       0x11 d:/programes/stm32/stm32cubeide_1.10.1/stm32cubeide/plugins/com.st.stm32cube.ide.mcu.externaltools.gnu-tools-for-stm32.10.3-2021.10.win32_1.0.0.202111181127/tools/bin/../lib/gcc/arm-none-eabi/10.3.1/../../../../arm-none-eabi/lib/thumb/v7e-m+fp/hard\libc_nano.a(lib_a-nano-vfprintf.o)
 *fill*         0x000000000800b259        0x3 
 .rodata.__sf_fake_stderr
                0x000000000800b25c       0x20 d:/programes/stm32/stm32cubeide_1.10.1/stm32cubeide/plugins/com.st.stm32cube.ide.mcu.externaltools.gnu-tools-for-stm32.10.3-2021.10.win32_1.0.0.202111181127/tools/bin/../lib/gcc/arm-none-eabi/10.3.1/../../../../arm-none-eabi/lib/thumb/v7e-m+fp/hard\libc_nano.a(lib_a-findfp.o)
                0x000000000800b25c                __sf_fake_stderr
 .rodata.__sf_fake_stdin
                0x000000000800b27c       0x20 d:/programes/stm32/stm32cubeide_1.10.1/stm32cubeide/plugins/com.st.stm32cube.ide.mcu.externaltools.gnu-tools-for-stm32.10.3-2021.10.win32_1.0.0.202111181127/tools/bin/../lib/gcc/arm-none-eabi/10.3.1/../../../../arm-none-eabi/lib/thumb/v7e-m+fp/hard\libc_nano.a(lib_a-findfp.o)
                0x000000000800b27c                __sf_fake_stdin
 .rodata.__sf_fake_stdout
                0x000000000800b29c       0x20 d:/programes/stm32/stm32cubeide_1.10.1/stm32cubeide/plugins/com.st.stm32cube.ide.mcu.externaltools.gnu-tools-for-stm32.10.3-2021.10.win32_1.0.0.202111181127/tools/bin/../lib/gcc/arm-none-eabi/10.3.1/../../../../arm-none-eabi/lib/thumb/v7e-m+fp/hard\libc_nano.a(lib_a-findfp.o)
                0x000000000800b29c                __sf_fake_stdout
                0x000000000800b2bc                . = ALIGN (0x4)

.ARM.extab      0x000000000800b2bc        0x0
                0x000000000800b2bc                . = ALIGN (0x4)
 *(.ARM.extab* .gnu.linkonce.armextab.*)
                0x000000000800b2bc                . = ALIGN (0x4)

.ARM            0x000000000800b2bc        0x8
                0x000000000800b2bc                . = ALIGN (0x4)
                0x000000000800b2bc                __exidx_start = .
 *(.ARM.exidx*)