../Core/Src/main.c:116:5:main	24	static
../Core/Src/main.c:229:6:SystemClock_Config	88	static
../Core/Src/main.c:272:13:MX_ADC1_Init	24	static
../Core/Src/main.c:321:13:MX_ADC2_Init	24	static
../Core/Src/main.c:370:13:MX_DAC_Init	16	static
../Core/Src/main.c:407:13:MX_ETH_Init	8	static
../Core/Src/main.c:455:13:MX_I2C2_Init	8	static
../Core/Src/main.c:500:13:MX_TIM2_Init	32	static
../Core/Src/main.c:542:13:MX_USART1_UART_Init	8	static
../Core/Src/main.c:573:13:MX_USART3_UART_Init	8	static
../Core/Src/main.c:604:13:MX_USB_OTG_FS_PCD_Init	8	static
../Core/Src/main.c:637:13:MX_GPIO_Init	56	static
../Core/Src/main.c:689:6:HAL_GPIO_EXTI_Callback	16	static
../Core/Src/main.c:708:6:Error_Handler	4	static,ignoring_inline_asm
