../Core/Src/main.c:115:5:main	24	static
../Core/Src/main.c:224:6:SystemClock_Config	88	static
../Core/Src/main.c:267:13:MX_ADC1_Init	24	static
../Core/Src/main.c:316:13:MX_ADC2_Init	24	static
../Core/Src/main.c:365:13:MX_DAC_Init	16	static
../Core/Src/main.c:402:13:MX_ETH_Init	8	static
../Core/Src/main.c:450:13:MX_I2C2_Init	8	static
../Core/Src/main.c:495:13:MX_TIM2_Init	32	static
../Core/Src/main.c:537:13:MX_USART1_UART_Init	8	static
../Core/Src/main.c:568:13:MX_USART3_UART_Init	8	static
../Core/Src/main.c:599:13:MX_USB_OTG_FS_PCD_Init	8	static
../Core/Src/main.c:632:13:MX_GPIO_Init	56	static
../Core/Src/main.c:684:6:HAL_GPIO_EXTI_Callback	16	static
../Core/Src/main.c:703:6:Error_Handler	4	static,ignoring_inline_asm
